interactions:
- request:
    body: null
    headers:
      Accept:
      - application/json
      Accept-Encoding:
      - gzip, deflate
      Connection:
      - keep-alive
      User-Agent:
      - promptflow-azure-sdk/1.11.0.dev0 azure-ai-ml/1.15.0 azsdk-python-mgmt-machinelearningservices/0.1.0
        Python/3.11.9 (Linux-5.15.146.1-microsoft-standard-WSL2-x86_64-with-glibc2.39)
    method: GET
    uri: https://management.azure.com/subscriptions/00000000-0000-0000-0000-000000000000/resourceGroups/00000/providers/Microsoft.MachineLearningServices/workspaces/00000/datastores?count=30&isDefault=true&orderByAsc=false
  response:
    body:
      string: '{"value": [{"id": "/subscriptions/00000000-0000-0000-0000-000000000000/resourceGroups/00000/providers/Microsoft.MachineLearningServices/workspaces/00000/datastores/workspaceblobstore",
        "name": "workspaceblobstore", "type": "Microsoft.MachineLearningServices/workspaces/datastores",
        "properties": {"description": null, "tags": null, "properties": null, "isDefault":
        true, "credentials": {"credentialsType": "AccountKey"}, "intellectualProperty":
        null, "subscriptionId": "00000000-0000-0000-0000-000000000000", "resourceGroup":
        "00000", "datastoreType": "AzureBlob", "accountName": "fake_account_name",
        "containerName": "fake-container-name", "endpoint": "core.windows.net", "protocol":
        "https", "serviceDataAccessAuthIdentity": "WorkspaceSystemAssignedIdentity"},
        "systemData": {"createdAt": "2023-04-08T02:53:06.5886442+00:00", "createdBy":
        "779301c0-18b2-4cdc-801b-a0a3368fee0a", "createdByType": "Application", "lastModifiedAt":
        "2023-04-08T02:53:07.521127+00:00", "lastModifiedBy": "779301c0-18b2-4cdc-801b-a0a3368fee0a",
        "lastModifiedByType": "Application"}}]}'
    headers:
      cache-control:
      - no-cache
      content-length:
      - '1372'
      content-type:
      - application/json; charset=utf-8
      expires:
      - '-1'
      pragma:
      - no-cache
      strict-transport-security:
      - max-age=31536000; includeSubDomains
      vary:
      - Accept-Encoding
      x-cache:
      - CONFIG_NOCACHE
      x-content-type-options:
      - nosniff
      x-request-time:
      - '0.063'
    status:
      code: 200
      message: OK
- request:
    body: null
    headers:
      Accept:
      - application/json
      Accept-Encoding:
      - gzip, deflate
      Connection:
      - keep-alive
      User-Agent:
      - promptflow-azure-sdk/1.11.0.dev0 azure-ai-ml/1.15.0 azsdk-python-mgmt-machinelearningservices/0.1.0
        Python/3.11.9 (Linux-5.15.146.1-microsoft-standard-WSL2-x86_64-with-glibc2.39)
    method: GET
    uri: https://management.azure.com/subscriptions/00000000-0000-0000-0000-000000000000/resourceGroups/00000/providers/Microsoft.MachineLearningServices/workspaces/00000/datastores/workspaceblobstore
  response:
    body:
      string: '{"id": "/subscriptions/00000000-0000-0000-0000-000000000000/resourceGroups/00000/providers/Microsoft.MachineLearningServices/workspaces/00000/datastores/workspaceblobstore",
        "name": "workspaceblobstore", "type": "Microsoft.MachineLearningServices/workspaces/datastores",
        "properties": {"description": null, "tags": null, "properties": null, "isDefault":
        true, "credentials": {"credentialsType": "AccountKey"}, "intellectualProperty":
        null, "subscriptionId": "00000000-0000-0000-0000-000000000000", "resourceGroup":
        "00000", "datastoreType": "AzureBlob", "accountName": "fake_account_name",
        "containerName": "fake-container-name", "endpoint": "core.windows.net", "protocol":
        "https", "serviceDataAccessAuthIdentity": "WorkspaceSystemAssignedIdentity"},
        "systemData": {"createdAt": "2023-04-08T02:53:06.5886442+00:00", "createdBy":
        "779301c0-18b2-4cdc-801b-a0a3368fee0a", "createdByType": "Application", "lastModifiedAt":
        "2023-04-08T02:53:07.521127+00:00", "lastModifiedBy": "779301c0-18b2-4cdc-801b-a0a3368fee0a",
        "lastModifiedByType": "Application"}}'
    headers:
      cache-control:
      - no-cache
      content-length:
      - '1227'
      content-type:
      - application/json; charset=utf-8
      expires:
      - '-1'
      pragma:
      - no-cache
      strict-transport-security:
      - max-age=31536000; includeSubDomains
      vary:
      - Accept-Encoding
      x-cache:
      - CONFIG_NOCACHE
      x-content-type-options:
      - nosniff
      x-request-time:
      - '0.083'
    status:
      code: 200
      message: OK
- request:
    body: null
    headers:
      Accept:
      - application/json
      Accept-Encoding:
      - gzip, deflate
      Connection:
      - keep-alive
      Content-Length:
      - '0'
      User-Agent:
      - promptflow-azure-sdk/1.11.0.dev0 azure-ai-ml/1.15.0 azsdk-python-mgmt-machinelearningservices/0.1.0
        Python/3.11.9 (Linux-5.15.146.1-microsoft-standard-WSL2-x86_64-with-glibc2.39)
    method: POST
    uri: https://management.azure.com/subscriptions/00000000-0000-0000-0000-000000000000/resourceGroups/00000/providers/Microsoft.MachineLearningServices/workspaces/00000/datastores/workspaceblobstore/listSecrets
  response:
    body:
      string: '{"secretsType": "AccountKey", "key": "dGhpcyBpcyBmYWtlIGtleQ=="}'
    headers:
      cache-control:
      - no-cache
      content-length:
      - '134'
      content-type:
      - application/json; charset=utf-8
      expires:
      - '-1'
      pragma:
      - no-cache
      strict-transport-security:
      - max-age=31536000; includeSubDomains
      x-cache:
      - CONFIG_NOCACHE
      x-content-type-options:
      - nosniff
      x-request-time:
      - '0.092'
    status:
      code: 200
      message: OK
- request:
    body: null
    headers:
      Accept:
      - application/xml
      Accept-Encoding:
      - gzip, deflate
      Connection:
      - keep-alive
      User-Agent:
      - azsdk-python-storage-blob/12.19.1 Python/3.11.9 (Linux-5.15.146.1-microsoft-standard-WSL2-x86_64-with-glibc2.39)
      x-ms-date:
      - Mon, 13 May 2024 08:14:42 GMT
      x-ms-version:
      - '2023-11-03'
    method: HEAD
    uri: https://fake_account_name.blob.core.windows.net/fake-container-name/LocalUpload/000000000000000000000000000000000000/webClassification3.jsonl
  response:
    body:
      string: ''
    headers:
      accept-ranges:
      - bytes
      content-length:
      - '377'
      content-md5:
      - irtZuTukb78El+WhVU+hog==
      content-type:
      - application/octet-stream
      last-modified:
      - Tue, 08 Aug 2023 15:10:57 GMT
      server:
      - Windows-Azure-Blob/1.0 Microsoft-HTTPAPI/2.0
      vary:
      - Origin
      x-ms-blob-type:
      - BlockBlob
      x-ms-creation-time:
      - Tue, 08 Aug 2023 15:10:56 GMT
      x-ms-meta-name:
      - ad83b58d-43d2-4a00-8c72-cc4f99d7b387
      x-ms-meta-upload_status:
      - completed
      x-ms-meta-version:
      - 8d524397-6d18-4984-affb-a5a0dc10ac7d
      x-ms-version:
      - '2023-11-03'
    status:
      code: 200
      message: OK
- request:
    body: null
    headers:
      Accept:
      - application/xml
      Accept-Encoding:
      - gzip, deflate
      Connection:
      - keep-alive
      User-Agent:
      - azsdk-python-storage-blob/12.19.1 Python/3.11.9 (Linux-5.15.146.1-microsoft-standard-WSL2-x86_64-with-glibc2.39)
      x-ms-date:
      - Mon, 13 May 2024 08:14:42 GMT
      x-ms-version:
      - '2023-11-03'
    method: HEAD
    uri: https://fake_account_name.blob.core.windows.net/fake-container-name/az-ml-artifacts/000000000000000000000000000000000000/webClassification3.jsonl
  response:
    body:
      string: ''
    headers:
      server:
      - Windows-Azure-Blob/1.0 Microsoft-HTTPAPI/2.0
      transfer-encoding:
      - chunked
      vary:
      - Origin
      x-ms-error-code:
      - BlobNotFound
      x-ms-version:
      - '2023-11-03'
    status:
      code: 404
      message: The specified blob does not exist.
- request:
    body: null
    headers:
      Accept:
      - application/json
      Accept-Encoding:
      - gzip, deflate
      Connection:
      - keep-alive
      User-Agent:
      - promptflow-azure-sdk/1.11.0.dev0 azure-ai-ml/1.15.0 azsdk-python-mgmt-machinelearningservices/0.1.0
        Python/3.11.9 (Linux-5.15.146.1-microsoft-standard-WSL2-x86_64-with-glibc2.39)
    method: GET
    uri: https://management.azure.com/subscriptions/00000000-0000-0000-0000-000000000000/resourceGroups/00000/providers/Microsoft.MachineLearningServices/workspaces/00000/datastores/workspaceblobstore
  response:
    body:
      string: '{"id": "/subscriptions/00000000-0000-0000-0000-000000000000/resourceGroups/00000/providers/Microsoft.MachineLearningServices/workspaces/00000/datastores/workspaceblobstore",
        "name": "workspaceblobstore", "type": "Microsoft.MachineLearningServices/workspaces/datastores",
        "properties": {"description": null, "tags": null, "properties": null, "isDefault":
        true, "credentials": {"credentialsType": "AccountKey"}, "intellectualProperty":
        null, "subscriptionId": "00000000-0000-0000-0000-000000000000", "resourceGroup":
        "00000", "datastoreType": "AzureBlob", "accountName": "fake_account_name",
        "containerName": "fake-container-name", "endpoint": "core.windows.net", "protocol":
        "https", "serviceDataAccessAuthIdentity": "WorkspaceSystemAssignedIdentity"},
        "systemData": {"createdAt": "2023-04-08T02:53:06.5886442+00:00", "createdBy":
        "779301c0-18b2-4cdc-801b-a0a3368fee0a", "createdByType": "Application", "lastModifiedAt":
        "2023-04-08T02:53:07.521127+00:00", "lastModifiedBy": "779301c0-18b2-4cdc-801b-a0a3368fee0a",
        "lastModifiedByType": "Application"}}'
    headers:
      cache-control:
      - no-cache
      content-length:
      - '1227'
      content-type:
      - application/json; charset=utf-8
      expires:
      - '-1'
      pragma:
      - no-cache
      strict-transport-security:
      - max-age=31536000; includeSubDomains
      vary:
      - Accept-Encoding
      x-cache:
      - CONFIG_NOCACHE
      x-content-type-options:
      - nosniff
      x-request-time:
      - '0.090'
    status:
      code: 200
      message: OK
- request:
    body: null
    headers:
      Accept:
      - application/json
      Accept-Encoding:
      - gzip, deflate
      Connection:
      - keep-alive
      Content-Length:
      - '0'
      User-Agent:
      - promptflow-azure-sdk/1.11.0.dev0 azure-ai-ml/1.15.0 azsdk-python-mgmt-machinelearningservices/0.1.0
        Python/3.11.9 (Linux-5.15.146.1-microsoft-standard-WSL2-x86_64-with-glibc2.39)
    method: POST
    uri: https://management.azure.com/subscriptions/00000000-0000-0000-0000-000000000000/resourceGroups/00000/providers/Microsoft.MachineLearningServices/workspaces/00000/datastores/workspaceblobstore/listSecrets
  response:
    body:
      string: '{"secretsType": "AccountKey", "key": "dGhpcyBpcyBmYWtlIGtleQ=="}'
    headers:
      cache-control:
      - no-cache
      content-length:
      - '134'
      content-type:
      - application/json; charset=utf-8
      expires:
      - '-1'
      pragma:
      - no-cache
      strict-transport-security:
      - max-age=31536000; includeSubDomains
      x-cache:
      - CONFIG_NOCACHE
      x-content-type-options:
      - nosniff
      x-request-time:
      - '0.078'
    status:
      code: 200
      message: OK
- request:
    body: null
    headers:
      Accept:
      - application/xml
      Accept-Encoding:
      - gzip, deflate
      Connection:
      - keep-alive
      User-Agent:
      - azsdk-python-storage-blob/12.19.1 Python/3.11.9 (Linux-5.15.146.1-microsoft-standard-WSL2-x86_64-with-glibc2.39)
      x-ms-date:
      - Mon, 13 May 2024 08:14:45 GMT
      x-ms-version:
      - '2023-11-03'
    method: HEAD
    uri: https://fake_account_name.blob.core.windows.net/fake-container-name/LocalUpload/000000000000000000000000000000000000/web_classification/classify_with_llm.jinja2
  response:
    body:
      string: ''
    headers:
      accept-ranges:
      - bytes
      content-length:
      - '833'
      content-md5:
      - Av7GjNN1nSy4lQfT/sNQmQ==
      content-type:
      - application/octet-stream
      last-modified:
      - Mon, 15 Apr 2024 03:32:14 GMT
      server:
      - Windows-Azure-Blob/1.0 Microsoft-HTTPAPI/2.0
      vary:
      - Origin
      x-ms-blob-type:
      - BlockBlob
      x-ms-creation-time:
      - Mon, 15 Apr 2024 03:32:14 GMT
      x-ms-meta-name:
      - bfac0efc-5e23-47dd-8545-bb82f4ee02da
      x-ms-meta-upload_status:
      - completed
      x-ms-meta-version:
      - '1'
      x-ms-version:
      - '2023-11-03'
    status:
      code: 200
      message: OK
- request:
    body: null
    headers:
      Accept:
      - application/xml
      Accept-Encoding:
      - gzip, deflate
      Connection:
      - keep-alive
      User-Agent:
      - azsdk-python-storage-blob/12.19.1 Python/3.11.9 (Linux-5.15.146.1-microsoft-standard-WSL2-x86_64-with-glibc2.39)
      x-ms-date:
      - Mon, 13 May 2024 08:14:46 GMT
      x-ms-version:
      - '2023-11-03'
    method: HEAD
    uri: https://fake_account_name.blob.core.windows.net/fake-container-name/az-ml-artifacts/000000000000000000000000000000000000/web_classification/classify_with_llm.jinja2
  response:
    body:
      string: ''
    headers:
      server:
      - Windows-Azure-Blob/1.0 Microsoft-HTTPAPI/2.0
      transfer-encoding:
      - chunked
      vary:
      - Origin
      x-ms-error-code:
      - BlobNotFound
      x-ms-version:
      - '2023-11-03'
    status:
      code: 404
      message: The specified blob does not exist.
- request:
    body: null
    headers:
      Accept:
      - application/json
      Accept-Encoding:
      - gzip, deflate
      Connection:
      - keep-alive
      User-Agent:
      - promptflow-azure-sdk/1.11.0.dev0 azsdk-python-azuremachinelearningdesignerserviceclient/unknown
        Python/3.11.9 (Linux-5.15.146.1-microsoft-standard-WSL2-x86_64-with-glibc2.39)
    method: GET
    uri: https://eastus.api.azureml.ms/flow/api/subscriptions/00000000-0000-0000-0000-000000000000/resourceGroups/00000/providers/Microsoft.MachineLearningServices/workspaces/00000/TraceSessions
  response:
    body:
      string: '{"entityId": "3e123da1-f9a5-4c91-9234-8d9ffbb39ff5", "traceCosmosConfiguration":
        "None", "traceCosmosStatus": "Initialized", "accountEndpoint": "", "databaseName":
        "PromptFlowTraceSession", "resourceArmId": "", "resourceType": 1}'
    headers:
      connection:
      - keep-alive
      content-length:
      - '486'
      content-type:
      - application/json; charset=utf-8
      strict-transport-security:
      - max-age=31536000; includeSubDomains; preload
      transfer-encoding:
      - chunked
      vary:
      - Accept-Encoding
      x-content-type-options:
      - nosniff
      x-request-time:
      - '0.221'
    status:
      code: 200
      message: OK
- request:
    body: '{"flowDefinitionDataStoreName": "workspaceblobstore", "flowDefinitionBlobPath":
      "LocalUpload/000000000000000000000000000000000000/web_classification/flow.dag.yaml",
      "runId": "name", "runDisplayName": "name", "runExperimentName": "", "sessionId":
      "000000000000000000000000000000000000000000000000", "sessionSetupMode": "SystemWait",
      "flowLineageId": "0000000000000000000000000000000000000000000000000000000000000000",
      "runDisplayNameGenerationType": "UserProvidedMacro", "batchDataInput": {"dataUri":
      "azureml://datastores/workspaceblobstore/paths/LocalUpload/000000000000000000000000000000000000/webClassification3.jsonl"},
      "inputsMapping": {}, "environmentVariables": {}, "disableTrace": false, "connections":
      {}, "runtimeName": "fake-runtime-name"}'
    headers:
      Accept:
      - application/json
      Accept-Encoding:
      - gzip, deflate
      Connection:
      - keep-alive
      Content-Length:
      - '820'
      Content-Type:
      - application/json
      User-Agent:
      - promptflow-azure-sdk/1.11.0.dev0 azsdk-python-azuremachinelearningdesignerserviceclient/unknown
        Python/3.11.9 (Linux-5.15.146.1-microsoft-standard-WSL2-x86_64-with-glibc2.39)
    method: POST
    uri: https://eastus.api.azureml.ms/flow/api/subscriptions/00000000-0000-0000-0000-000000000000/resourceGroups/00000/providers/Microsoft.MachineLearningServices/workspaces/00000/BulkRuns/submit
  response:
    body:
      string: '"name"'
    headers:
      connection:
      - keep-alive
      content-length:
      - '38'
      content-type:
      - application/json; charset=utf-8
      strict-transport-security:
      - max-age=31536000; includeSubDomains; preload
      x-content-type-options:
      - nosniff
      x-request-time:
      - '7.698'
    status:
      code: 200
      message: OK
- request:
    body: null
    headers:
      Accept:
      - application/json
      Accept-Encoding:
      - gzip, deflate
      Connection:
      - keep-alive
      User-Agent:
      - promptflow-azure-sdk/1.11.0.dev0 azsdk-python-azuremachinelearningdesignerserviceclient/unknown
        Python/3.11.9 (Linux-5.15.146.1-microsoft-standard-WSL2-x86_64-with-glibc2.39)
    method: GET
    uri: https://eastus.api.azureml.ms/flow/api/subscriptions/00000000-0000-0000-0000-000000000000/resourceGroups/00000/providers/Microsoft.MachineLearningServices/workspaces/00000/BulkRuns/name
  response:
    body:
      string: '{"flowGraph": {"nodes": [{"name": "fetch_text_content_from_url", "type":
        "python", "source": {"type": "code", "path": "fetch_text_content_from_url.py"},
        "inputs": {"fetch_url": "${inputs.url}"}, "tool": "fetch_text_content_from_url.py",
        "reduce": false}, {"name": "prepare_examples", "type": "python", "source":
        {"type": "code", "path": "prepare_examples.py"}, "inputs": {}, "tool": "prepare_examples.py",
        "reduce": false}, {"name": "classify_with_llm", "type": "llm", "source": {"type":
        "code", "path": "classify_with_llm.jinja2"}, "inputs": {"deployment_name":
        "gpt-35-turbo", "suffix": "", "max_tokens": "128", "temperature": "0.1", "top_p":
        "1.0", "logprobs": "", "echo": "False", "stop": "", "presence_penalty": "0",
        "frequency_penalty": "0", "best_of": "1", "logit_bias": "", "url": "${inputs.url}",
        "examples": "${prepare_examples.output}", "text_content": "${summarize_text_content.output}"},
        "tool": "classify_with_llm.jinja2", "reduce": false, "api": "chat", "provider":
        "AzureOpenAI", "connection": "azure_open_ai_connection", "module": "promptflow.tools.aoai"},
        {"name": "convert_to_dict", "type": "python", "source": {"type": "code", "path":
        "convert_to_dict.py"}, "inputs": {"input_str": "${classify_with_llm.output}"},
        "tool": "convert_to_dict.py", "reduce": false}, {"name": "summarize_text_content",
        "type": "llm", "source": {"type": "code", "path": "summarize_text_content__variant_1.jinja2"},
        "inputs": {"deployment_name": "gpt-35-turbo", "suffix": "", "max_tokens":
        "256", "temperature": "0.3", "top_p": "1.0", "logprobs": "", "echo": "False",
        "stop": "", "presence_penalty": "0", "frequency_penalty": "0", "best_of":
        "1", "logit_bias": "", "text": "${fetch_text_content_from_url.output}"}, "tool":
        "summarize_text_content__variant_1.jinja2", "reduce": false, "api": "chat",
        "connection": "azure_open_ai_connection"}], "tools": [{"name": "Azure OpenAI
        GPT-4 Turbo with Vision", "type": "custom_llm", "inputs": {"connection": {"type":
        ["AzureOpenAIConnection"], "allow_manual_entry": false, "is_multi_select":
        false, "input_type": "default", "ui_hints": {"index": 0}}, "deployment_name":
        {"type": ["string"], "enabled_by": "connection", "dynamic_list": {"func_path":
        "promptflow.tools.aoai_gpt4v.list_deployment_names", "func_kwargs": [{"name":
        "connection", "reference": "${inputs.connection}", "type": ["AzureOpenAIConnection"]}]},
        "allow_manual_entry": true, "is_multi_select": false, "input_type": "default",
        "ui_hints": {"index": 1}}, "detail": {"type": ["string"], "default": "auto",
        "enum": ["low", "high", "auto"], "allow_manual_entry": false, "is_multi_select":
        false, "input_type": "default", "ui_hints": {"index": 9}}, "frequency_penalty":
        {"type": ["double"], "default": 0, "allow_manual_entry": false, "is_multi_select":
        false, "input_type": "default", "ui_hints": {"index": 7}}, "max_tokens": {"type":
        ["int"], "default": 512, "allow_manual_entry": false, "is_multi_select": false,
        "input_type": "default", "ui_hints": {"index": 4}}, "presence_penalty": {"type":
        ["double"], "default": 0, "allow_manual_entry": false, "is_multi_select":
        false, "input_type": "default", "ui_hints": {"index": 6}}, "seed": {"type":
        ["int"], "default": "", "allow_manual_entry": false, "is_multi_select": false,
        "input_type": "default", "ui_hints": {"index": 8}}, "stop": {"type": ["list"],
        "default": "", "allow_manual_entry": false, "is_multi_select": false, "input_type":
        "default", "ui_hints": {"index": 5}}, "temperature": {"type": ["double"],
        "default": 1, "allow_manual_entry": false, "is_multi_select": false, "input_type":
        "default", "ui_hints": {"index": 2}}, "top_p": {"type": ["double"], "default":
        1, "allow_manual_entry": false, "is_multi_select": false, "input_type": "default",
        "ui_hints": {"index": 3}}}, "description": "Use Azure OpenAI GPT-4 Turbo with
        Vision to leverage AOAI vision ability.", "module": "promptflow.tools.aoai_gpt4v",
        "class_name": "AzureOpenAI", "function": "chat", "icon": {"dark": "data:image/png;base64,iVBORw0KGgoAAAANSUhEUgAAABAAAAAQCAYAAAAf8/9hAAAA2ElEQVR4nJXSzW3CQBAF4DUSTjk+Al1AD0ikESslpBIEheRALhEpgAYSWV8OGUublf/yLuP3PPNmdndS+gdwXZrYDmh7fGE/W+wXbaYd8IYm4rxJPnZ0boI3wZcdJxs/n+AwV7DFK7aFyfQdYIMLPvES8YJNf5yp4jMeeEYdWh38gXOR35YGHe5xabvQdsHv6PLi8qV6gycc8YH3iMfQu6Lh4ASr+F5Hh3XwVWnQYzUkVlX1nccplAb1SN6Y/sfgmlK64VS8wimldIv/0yj2QLkHizG0iWP4AVAfQ34DVQONAAAAAElFTkSuQmCC",
        "light": "data:image/png;base64,iVBORw0KGgoAAAANSUhEUgAAABAAAAAQCAYAAAAf8/9hAAAAx0lEQVR4nJWSwQ2CQBBFX0jAcjgqXUgPJNiIsQQrIVCIFy8GC6ABDcGDX7Mus9n1Xz7zZ+fPsLPwH4bUg0dD2wMPcbR48Uxq4AKU4iSTDwZ1LhWXipN/B3V0J6hjBTvgLHZNonewBXrgDpzEvXSIjN0BE3AACmmF4kl5F6tNzcCoLpW0SvGovFvsb4oZ2AANcAOu4ka6axCcINN3rg654sww+CYsPD0OwjcozFNh/Qcd78tqVbCIW+n+Fky472Bh/Q6SYb1EEy8tDzd+9IsVPAAAAABJRU5ErkJggg=="},
        "is_builtin": true, "package": "promptflow-tools", "package_version": "1.5.0rc8",
        "default_prompt": "# system:\nAs an AI assistant, your task involves interpreting
        images and responding to questions about the image.\nRemember to provide accurate
        answers based on the information present in the image.\n\n# user:\nCan you
        tell me what the image depicts?\n![image]({{image_input}})\n", "enable_kwargs":
        false, "tool_state": "preview"}, {"name": "Content Safety (Text Analyze)",
        "type": "python", "inputs": {"connection": {"type": ["AzureContentSafetyConnection"],
        "allow_manual_entry": false, "is_multi_select": false, "input_type": "default"},
        "hate_category": {"type": ["string"], "default": "medium_sensitivity", "enum":
        ["disable", "low_sensitivity", "medium_sensitivity", "high_sensitivity"],
        "allow_manual_entry": false, "is_multi_select": false, "input_type": "default"},
        "self_harm_category": {"type": ["string"], "default": "medium_sensitivity",
        "enum": ["disable", "low_sensitivity", "medium_sensitivity", "high_sensitivity"],
        "allow_manual_entry": false, "is_multi_select": false, "input_type": "default"},
        "sexual_category": {"type": ["string"], "default": "medium_sensitivity", "enum":
        ["disable", "low_sensitivity", "medium_sensitivity", "high_sensitivity"],
        "allow_manual_entry": false, "is_multi_select": false, "input_type": "default"},
        "text": {"type": ["string"], "allow_manual_entry": false, "is_multi_select":
        false, "input_type": "default"}, "violence_category": {"type": ["string"],
        "default": "medium_sensitivity", "enum": ["disable", "low_sensitivity", "medium_sensitivity",
        "high_sensitivity"], "allow_manual_entry": false, "is_multi_select": false,
        "input_type": "default"}}, "description": "Use Azure Content Safety to detect
        harmful content.", "module": "promptflow.tools.azure_content_safety", "function":
        "analyze_text", "is_builtin": true, "package": "promptflow-tools", "package_version":
        "1.5.0rc8", "enable_kwargs": false, "deprecated_tools": ["content_safety_text.tools.content_safety_text_tool.analyze_text"],
        "tool_state": "stable"}, {"name": "Embedding", "type": "python", "inputs":
        {"connection": {"type": ["AzureOpenAIConnection", "OpenAIConnection", "ServerlessConnection"],
        "allow_manual_entry": false, "is_multi_select": false, "input_type": "default"},
        "deployment_name": {"type": ["string"], "enabled_by": "connection", "enabled_by_type":
        ["AzureOpenAIConnection"], "model_list": ["text-embedding-ada-002", "text-search-ada-doc-001",
        "text-search-ada-query-001"], "capabilities": {"completion": false, "chat_completion":
        false, "embeddings": true}, "allow_manual_entry": false, "is_multi_select":
        false, "input_type": "default"}, "input": {"type": ["string"], "allow_manual_entry":
        false, "is_multi_select": false, "input_type": "default"}, "model": {"type":
        ["string"], "enum": ["text-embedding-ada-002", "text-search-ada-doc-001",
        "text-search-ada-query-001"], "enabled_by": "connection", "enabled_by_type":
        ["OpenAIConnection"], "allow_manual_entry": true, "is_multi_select": false,
        "input_type": "default"}}, "description": "Use OpenAI''s embedding model
        to create an embedding vector representing the input text.", "module": "promptflow.tools.embedding",
        "function": "embedding", "is_builtin": true, "package": "promptflow-tools",
        "package_version": "1.5.0rc8", "enable_kwargs": false, "tool_state": "stable"},
        {"name": "LLM", "type": "custom_llm", "inputs": {"api": {"type": ["string"],
        "default": "chat", "allow_manual_entry": true, "is_multi_select": false, "input_type":
        "default", "ui_hints": {"index": 1, "text_box_size": "sm"}, "filter_by": {"input_name":
        "connection", "values": {"AzureOpenAIConnection": {"enum": ["chat", "completion"]},
        "OpenAIConnection": {"enum": ["chat", "completion"]}, "ServerlessConnection":
        {"enum": ["chat"]}}, "filter_attribute": "type"}}, "best_of": {"type": ["int"],
        "default": 1, "enabled_by": "api", "enabled_by_value": ["completion"], "allow_manual_entry":
        false, "is_multi_select": false, "input_type": "default", "advanced": true,
        "ui_hints": {"index": 16, "text_box_size": "xs"}}, "connection": {"type":
        ["AzureOpenAIConnection", "OpenAIConnection", "ServerlessConnection"], "allow_manual_entry":
        false, "is_multi_select": false, "input_type": "default", "ui_hints": {"index":
        0}}, "deployment_name": {"type": ["string"], "enabled_by": "connection", "enabled_by_type":
        ["AzureOpenAIConnection"], "allow_manual_entry": true, "is_multi_select":
        false, "input_type": "default", "ui_hints": {"index": 2, "text_box_size":
        "lg"}, "filter_by": {"input_name": "api", "values": {"chat": {"capabilities":
        {"chat_completion": true, "exclude": {"model_version": ["vision-preview"]}}},
        "completion": {"capabilities": {"completion": true, "include": {"model_name":
        ["gpt-35-turbo-instruct"]}}}}}}, "echo": {"type": ["bool"], "default": false,
        "enabled_by": "api", "enabled_by_value": ["completion"], "allow_manual_entry":
        false, "is_multi_select": false, "input_type": "default", "advanced": true,
        "ui_hints": {"index": 15, "text_box_size": "xs"}}, "frequency_penalty": {"type":
        ["int"], "default": 0, "allow_manual_entry": false, "is_multi_select": false,
        "input_type": "default", "advanced": true, "ui_hints": {"index": 10, "text_box_size":
        "xs"}}, "logit_bias": {"type": ["object"], "default": "", "allow_manual_entry":
        false, "is_multi_select": false, "input_type": "default", "advanced": true,
        "ui_hints": {"index": 11, "text_box_size": "lg"}}, "logprobs": {"type": ["int"],
        "default": "", "enabled_by": "api", "enabled_by_value": ["completion"], "allow_manual_entry":
        false, "is_multi_select": false, "input_type": "default", "advanced": true,
        "ui_hints": {"index": 14, "text_box_size": "xs"}}, "max_tokens": {"type":
        ["int"], "default": "", "allow_manual_entry": false, "is_multi_select": false,
        "input_type": "default", "ui_hints": {"index": 7, "text_box_size": "xs"}},
        "model": {"type": ["string"], "enabled_by": "connection", "enabled_by_type":
        ["OpenAIConnection"], "allow_manual_entry": true, "is_multi_select": false,
        "input_type": "default", "ui_hints": {"index": 3, "text_box_size": "lg"},
        "filter_by": {"input_name": "api", "values": {"chat": {"enum": ["gpt-3.5-turbo",
        "gpt-3.5-turbo-0301", "gpt-3.5-turbo-16k", "gpt-3.5-turbo-1106", "gpt-4",
        "gpt-4-1106-preview", "gpt-4-0314", "gpt-4-32k", "gpt-4-32k-0314"]}, "completion":
        {"enum": ["gpt-3.5-turbo-instruct"]}}}}, "presence_penalty": {"type": ["double"],
        "default": 0, "allow_manual_entry": false, "is_multi_select": false, "input_type":
        "default", "advanced": true, "ui_hints": {"index": 8}}, "response_format":
        {"type": ["object"], "default": "", "enum": [{"type": "json_object"}, {"type":
        "text"}], "enabled_by": "api", "enabled_by_value": ["chat"], "allow_manual_entry":
        true, "is_multi_select": false, "input_type": "default", "advanced": false,
        "ui_hints": {"index": 9, "text_box_size": "lg"}}, "seed": {"type": ["int"],
        "default": "", "enabled_by": "api", "enabled_by_value": ["chat"], "allow_manual_entry":
        false, "is_multi_select": false, "input_type": "default", "advanced": true,
        "ui_hints": {"index": 12, "text_box_size": "xs"}}, "stop": {"type": ["list"],
        "default": "", "allow_manual_entry": false, "is_multi_select": false, "input_type":
        "default", "ui_hints": {"index": 6, "text_box_size": "md"}}, "suffix": {"type":
        ["string"], "default": "", "enabled_by": "api", "enabled_by_value": ["completion"],
        "allow_manual_entry": false, "is_multi_select": false, "input_type": "default",
        "advanced": true, "ui_hints": {"index": 13, "text_box_size": "xs"}}, "temperature":
        {"type": ["double"], "default": 1, "allow_manual_entry": false, "is_multi_select":
        false, "input_type": "default", "ui_hints": {"index": 4, "text_box_size":
        "xs"}}, "tool_choice": {"type": ["object", "string"], "default": "", "enabled_by":
        "api", "enabled_by_value": ["chat"], "allow_manual_entry": false, "is_multi_select":
        false, "input_type": "default", "ui_hints": {"index": 18}}, "tools": {"type":
        ["list"], "default": [], "enabled_by": "api", "enabled_by_value": ["chat"],
        "allow_manual_entry": false, "is_multi_select": false, "input_type": "default",
        "ui_hints": {"display_style": "reusable_tool", "index": 17}}, "top_p": {"type":
        ["double"], "default": 1, "allow_manual_entry": false, "is_multi_select":
        false, "input_type": "default", "advanced": true, "ui_hints": {"index": 5,
        "text_box_size": "xs"}}}, "description": {"ai_studio": "Use OpenAI-like Large
        Language Model for text completion or chat. For more details, refer to this
        [document](https://aka.ms/aistudio/pf/llm-tool).", "aml": "Use OpenAI-like
        Large Language Model for text completion or chat. For more details, refer
        to this [document](https://aka.ms/promptflow/llm-tool).", "default": "Use
        OpenAI-like Large Language Model for text completion or chat."}, "module":
        "promptflow.tools.llm", "function": "llm", "icon": {"dark": "data:image/png;base64,iVBORw0KGgoAAAANSUhEUgAAABAAAAAQCAYAAAAf8/9hAAAA2ElEQVR4nJXSzW3CQBAF4DUSTjk+Al1AD0ikESslpBIEheRALhEpgAYSWV8OGUublf/yLuP3PPNmdndS+gdwXZrYDmh7fGE/W+wXbaYd8IYm4rxJPnZ0boI3wZcdJxs/n+AwV7DFK7aFyfQdYIMLPvES8YJNf5yp4jMeeEYdWh38gXOR35YGHe5xabvQdsHv6PLi8qV6gycc8YH3iMfQu6Lh4ASr+F5Hh3XwVWnQYzUkVlX1nccplAb1SN6Y/sfgmlK64VS8wimldIv/0yj2QLkHizG0iWP4AVAfQ34DVQONAAAAAElFTkSuQmCC",
        "light": "data:image/png;base64,iVBORw0KGgoAAAANSUhEUgAAABAAAAAQCAYAAAAf8/9hAAAAx0lEQVR4nJWSwQ2CQBBFX0jAcjgqXUgPJNiIsQQrIVCIFy8GC6ABDcGDX7Mus9n1Xz7zZ+fPsLPwH4bUg0dD2wMPcbR48Uxq4AKU4iSTDwZ1LhWXipN/B3V0J6hjBTvgLHZNonewBXrgDpzEvXSIjN0BE3AACmmF4kl5F6tNzcCoLpW0SvGovFvsb4oZ2AANcAOu4ka6axCcINN3rg654sww+CYsPD0OwjcozFNh/Qcd78tqVbCIW+n+Fky472Bh/Q6SYb1EEy8tDzd+9IsVPAAAAABJRU5ErkJggg=="},
        "category": "llm", "is_builtin": true, "package": "promptflow-tools", "package_version":
        "1.5.0rc8", "default_prompt": "# system:\nYou are a helpful assistant.\n\n#
        user:\n{{question}}\n", "enable_kwargs": false, "tool_state": "stable", "groups":
        [{"name": "Tools", "description": "Configure interactive capabilities by selecting
        tools for the model to use and guiding its tool call decisions.", "inputs":
        ["tools", "tool_choice"], "ui_hints": {"display_style": "table"}}]}, {"name":
        "LLM-Vision", "type": "custom_llm", "inputs": {"connection": {"type": ["AzureOpenAIConnection",
        "OpenAIConnection"], "allow_manual_entry": false, "is_multi_select": false,
        "input_type": "default", "ui_hints": {"index": 0}}, "deployment_name": {"type":
        ["string"], "enabled_by": "connection", "enabled_by_type": ["AzureOpenAIConnection"],
        "capabilities": {"chat_completion": true, "include": {"model_version": ["vision-preview"]}},
        "allow_manual_entry": true, "is_multi_select": false, "input_type": "default",
        "ui_hints": {"index": 1, "text_box_size": "lg"}}, "detail": {"type": ["string"],
        "default": "auto", "enum": ["low", "high", "auto"], "allow_manual_entry":
        false, "is_multi_select": false, "input_type": "default", "ui_hints": {"index":
        10}}, "frequency_penalty": {"type": ["int"], "default": 0, "allow_manual_entry":
        false, "is_multi_select": false, "input_type": "default", "ui_hints": {"index":
        8, "text_box_size": "xs"}}, "max_tokens": {"type": ["int"], "default": "",
        "allow_manual_entry": false, "is_multi_select": false, "input_type": "default",
        "ui_hints": {"index": 6, "text_box_size": "xs"}}, "model": {"type": ["string"],
        "enum": ["gpt-4-vision-preview"], "enabled_by": "connection", "enabled_by_type":
        ["OpenAIConnection"], "allow_manual_entry": true, "is_multi_select": false,
        "input_type": "default", "ui_hints": {"index": 2, "text_box_size": "lg"}},
        "presence_penalty": {"type": ["double"], "default": 0, "allow_manual_entry":
        false, "is_multi_select": false, "input_type": "default", "ui_hints": {"index":
        7}}, "seed": {"type": ["int"], "default": "", "allow_manual_entry": false,
        "is_multi_select": false, "input_type": "default", "ui_hints": {"index": 9,
        "text_box_size": "xs"}}, "stop": {"type": ["list"], "default": "", "allow_manual_entry":
        false, "is_multi_select": false, "input_type": "default", "ui_hints": {"index":
        5, "text_box_size": "md"}}, "temperature": {"type": ["double"], "default":
        1, "allow_manual_entry": false, "is_multi_select": false, "input_type": "default",
        "ui_hints": {"index": 3, "text_box_size": "xs"}}, "top_p": {"type": ["double"],
        "default": 1, "allow_manual_entry": false, "is_multi_select": false, "input_type":
        "default", "ui_hints": {"index": 4, "text_box_size": "xs"}}}, "description":
        {"ai_studio": "Use OpenAI-like Large Language Model to leverage vision ability.
        For more details, refer to this [document](https://aka.ms/aistudio/pf/llm-vision-tool).",
        "aml": "Use OpenAI-like Large Language Model to leverage vision ability. For
        more details, refer to this [document](https://aka.ms/promptflow/llm-vision-tool).",
        "default": "Use OpenAI-like Large Language Model to leverage vision ability."},
        "module": "promptflow.tools.llm_vision", "function": "llm_vision", "icon":
        {"dark": "data:image/png;base64,iVBORw0KGgoAAAANSUhEUgAAABAAAAAQCAYAAAAf8/9hAAAA2ElEQVR4nJXSzW3CQBAF4DUSTjk+Al1AD0ikESslpBIEheRALhEpgAYSWV8OGUublf/yLuP3PPNmdndS+gdwXZrYDmh7fGE/W+wXbaYd8IYm4rxJPnZ0boI3wZcdJxs/n+AwV7DFK7aFyfQdYIMLPvES8YJNf5yp4jMeeEYdWh38gXOR35YGHe5xabvQdsHv6PLi8qV6gycc8YH3iMfQu6Lh4ASr+F5Hh3XwVWnQYzUkVlX1nccplAb1SN6Y/sfgmlK64VS8wimldIv/0yj2QLkHizG0iWP4AVAfQ34DVQONAAAAAElFTkSuQmCC",
        "light": "data:image/png;base64,iVBORw0KGgoAAAANSUhEUgAAABAAAAAQCAYAAAAf8/9hAAAAx0lEQVR4nJWSwQ2CQBBFX0jAcjgqXUgPJNiIsQQrIVCIFy8GC6ABDcGDX7Mus9n1Xz7zZ+fPsLPwH4bUg0dD2wMPcbR48Uxq4AKU4iSTDwZ1LhWXipN/B3V0J6hjBTvgLHZNonewBXrgDpzEvXSIjN0BE3AACmmF4kl5F6tNzcCoLpW0SvGovFvsb4oZ2AANcAOu4ka6axCcINN3rg654sww+CYsPD0OwjcozFNh/Qcd78tqVbCIW+n+Fky472Bh/Q6SYb1EEy8tDzd+9IsVPAAAAABJRU5ErkJggg=="},
        "category": "llm", "is_builtin": true, "package": "promptflow-tools", "package_version":
        "1.5.0rc8", "default_prompt": "# system:\nAs an AI assistant, your task involves
        interpreting images and responding to questions about the image.\nRemember
        to provide accurate answers based on the information present in the image.\n\n#
        user:\nCan you tell me what the image depicts?\n![image]({{image_input}})\n",
        "enable_kwargs": false, "tool_state": "preview"}, {"name": "Open Model LLM",
        "type": "custom_llm", "inputs": {"api": {"type": ["string"], "enum": ["chat",
        "completion"], "allow_manual_entry": false, "is_multi_select": false, "input_type":
        "default", "ui_hints": {"index": 2}}, "deployment_name": {"type": ["string"],
        "default": "", "dynamic_list": {"func_path": "promptflow.tools.open_model_llm.list_deployment_names",
        "func_kwargs": [{"name": "endpoint", "optional": true, "reference": "${inputs.endpoint}",
        "type": ["string"]}]}, "allow_manual_entry": true, "is_multi_select": false,
        "input_type": "default", "ui_hints": {"index": 1}}, "endpoint_name": {"type":
        ["string"], "dynamic_list": {"func_path": "promptflow.tools.open_model_llm.list_endpoint_names"},
        "allow_manual_entry": true, "is_multi_select": false, "input_type": "default",
        "ui_hints": {"index": 0}}, "max_new_tokens": {"type": ["int"], "default":
        500, "allow_manual_entry": false, "is_multi_select": false, "input_type":
        "default", "ui_hints": {"index": 4}}, "model_kwargs": {"type": ["object"],
        "default": "{}", "allow_manual_entry": false, "is_multi_select": false, "input_type":
        "default", "advanced": true, "ui_hints": {"index": 6}}, "temperature": {"type":
        ["double"], "default": 1.0, "allow_manual_entry": false, "is_multi_select":
        false, "input_type": "default", "ui_hints": {"index": 3}}, "top_p": {"type":
        ["double"], "default": 1.0, "allow_manual_entry": false, "is_multi_select":
        false, "input_type": "default", "advanced": true, "ui_hints": {"index": 5}}},
        "description": "Use an open model from the Azure Model catalog, deployed to
        an AzureML Online Endpoint for LLM Chat or Completion API calls.", "module":
        "promptflow.tools.open_model_llm", "class_name": "OpenModelLLM", "function":
        "call", "icon": "data:image/png;base64,iVBORw0KGgoAAAANSUhEUgAAABAAAAAQCAYAAAAf8/9hAAACgElEQVR4nGWSz2vcVRTFP/e9NzOZ1KDGohASslLEH6VLV0ak4l/QpeDCrfQPcNGliODKnVm4EBdBsIjQIlhciKW0ycKFVCSNbYnjdDLtmPnmO/nO9917XcxMkjYX3uLx7nnn3HOuMK2Nix4fP78ZdrYXVkLVWjf3l3B1B+HpcjzGFtmqa6cePz7/x0dnn1n5qhj3iBJPYREIURAJuCtpY8PjReDbrf9WG7H1fuefwQU9qKztTcMJT+PNnEFvjGVDBDlSsH6p/9MLzy6+NxwVqI8RAg4IPmWedMckdLYP6O6UpIaQfvyyXG012+e79/ZfHukoS1ISMT2hGTB1RkUmNgQ5QZ0w+a2VWDq73MbdEWmfnnv6UWe7oNzPaLapl5CwuLTXK9WUGBuCjqekzhP+z52ZXOrKMD3OJg0Hh778aiOuvpnYvp05d6GJO4iAO4QAe/eV36/X5LFRV4Zmn+AdkqlL8Vjp3oVioOz+WTPzzYEgsN+fgPLYyJVheSbPPVl2ikeGZRjtG52/8rHuaV9VOlpP2OtKyVndcRVCSqOhsvxa4vW359i6OuKdD+aP8Q4SYPdOzS/flGjt1JUSaMqZ5nwa1Y8qWb/Ud/eZZkHisYezEM0m+fcelDr8F1SqW2LNK6r1jXQwyLzy1hxvrLXZulry7ocL+FS6G4QIu3fG/Px1gdYeW7LIgXU2P/115TOA5G7e3Rmj2aS/m7l5pThiZzrCcE/d1XHzbln373nw7y6veeoUm5KCNKT/IPPwbiY1hYd/l5MIT65BMFt87sU4v9D7/JMflr44uV6hGh1+L4RCkg6z5iK2tAhNLeLsNGwYA4fDYnC/drvuuFxe86NV/x+Ut27g0FvykgAAAABJRU5ErkJggg==",
        "is_builtin": true, "package": "promptflow-tools", "package_version": "1.5.0rc8",
        "enable_kwargs": false, "tool_state": "stable"}, {"name": "OpenAI GPT-4V",
        "type": "custom_llm", "inputs": {"connection": {"type": ["OpenAIConnection"],
        "allow_manual_entry": false, "is_multi_select": false, "input_type": "default",
        "ui_hints": {"index": 0}}, "detail": {"type": ["string"], "default": "auto",
        "enum": ["low", "high", "auto"], "allow_manual_entry": false, "is_multi_select":
        false, "input_type": "default", "ui_hints": {"index": 9}}, "frequency_penalty":
        {"type": ["double"], "default": 0, "allow_manual_entry": false, "is_multi_select":
        false, "input_type": "default", "ui_hints": {"index": 7}}, "max_tokens": {"type":
        ["int"], "default": 512, "allow_manual_entry": false, "is_multi_select": false,
        "input_type": "default", "ui_hints": {"index": 4}}, "model": {"type": ["string"],
        "enum": ["gpt-4-vision-preview"], "allow_manual_entry": true, "is_multi_select":
        false, "input_type": "default", "ui_hints": {"index": 1}}, "presence_penalty":
        {"type": ["double"], "default": 0, "allow_manual_entry": false, "is_multi_select":
        false, "input_type": "default", "ui_hints": {"index": 6}}, "seed": {"type":
        ["int"], "default": "", "allow_manual_entry": false, "is_multi_select": false,
        "input_type": "default", "ui_hints": {"index": 8}}, "stop": {"type": ["list"],
        "default": "", "allow_manual_entry": false, "is_multi_select": false, "input_type":
        "default", "ui_hints": {"index": 5}}, "temperature": {"type": ["double"],
        "default": 1, "allow_manual_entry": false, "is_multi_select": false, "input_type":
        "default", "ui_hints": {"index": 2}}, "top_p": {"type": ["double"], "default":
        1, "allow_manual_entry": false, "is_multi_select": false, "input_type": "default",
        "ui_hints": {"index": 3}}}, "description": "Use OpenAI GPT-4V to leverage
        vision ability.", "module": "promptflow.tools.openai_gpt4v", "class_name":
        "OpenAI", "function": "chat", "icon": {"dark": "data:image/png;base64,iVBORw0KGgoAAAANSUhEUgAAABAAAAAQCAYAAAAf8/9hAAAA2ElEQVR4nJXSzW3CQBAF4DUSTjk+Al1AD0ikESslpBIEheRALhEpgAYSWV8OGUublf/yLuP3PPNmdndS+gdwXZrYDmh7fGE/W+wXbaYd8IYm4rxJPnZ0boI3wZcdJxs/n+AwV7DFK7aFyfQdYIMLPvES8YJNf5yp4jMeeEYdWh38gXOR35YGHe5xabvQdsHv6PLi8qV6gycc8YH3iMfQu6Lh4ASr+F5Hh3XwVWnQYzUkVlX1nccplAb1SN6Y/sfgmlK64VS8wimldIv/0yj2QLkHizG0iWP4AVAfQ34DVQONAAAAAElFTkSuQmCC",
        "light": "data:image/png;base64,iVBORw0KGgoAAAANSUhEUgAAABAAAAAQCAYAAAAf8/9hAAAAx0lEQVR4nJWSwQ2CQBBFX0jAcjgqXUgPJNiIsQQrIVCIFy8GC6ABDcGDX7Mus9n1Xz7zZ+fPsLPwH4bUg0dD2wMPcbR48Uxq4AKU4iSTDwZ1LhWXipN/B3V0J6hjBTvgLHZNonewBXrgDpzEvXSIjN0BE3AACmmF4kl5F6tNzcCoLpW0SvGovFvsb4oZ2AANcAOu4ka6axCcINN3rg654sww+CYsPD0OwjcozFNh/Qcd78tqVbCIW+n+Fky472Bh/Q6SYb1EEy8tDzd+9IsVPAAAAABJRU5ErkJggg=="},
        "is_builtin": true, "package": "promptflow-tools", "package_version": "1.5.0rc8",
        "default_prompt": "# system:\nAs an AI assistant, your task involves interpreting
        images and responding to questions about the image.\nRemember to provide accurate
        answers based on the information present in the image.\n\n# user:\nCan you
        tell me what the image depicts?\n![image]({{image_input}})\n", "enable_kwargs":
        false, "tool_state": "preview"}, {"name": "Serp API", "type": "python", "inputs":
        {"connection": {"type": ["SerpConnection"], "allow_manual_entry": false, "is_multi_select":
        false, "input_type": "default"}, "engine": {"type": ["string"], "default":
        "google", "enum": ["google", "bing"], "allow_manual_entry": false, "is_multi_select":
        false, "input_type": "default"}, "location": {"type": ["string"], "default":
        "", "allow_manual_entry": false, "is_multi_select": false, "input_type": "default"},
        "num": {"type": ["int"], "default": "10", "allow_manual_entry": false, "is_multi_select":
        false, "input_type": "default"}, "query": {"type": ["string"], "allow_manual_entry":
        false, "is_multi_select": false, "input_type": "default"}, "safe": {"type":
        ["string"], "default": "off", "enum": ["active", "off"], "allow_manual_entry":
        false, "is_multi_select": false, "input_type": "default"}}, "description":
        "Use Serp API to obtain search results from a specific search engine.", "module":
        "promptflow.tools.serpapi", "class_name": "SerpAPI", "function": "search",
        "is_builtin": true, "package": "promptflow-tools", "package_version": "1.5.0rc8",
        "enable_kwargs": false, "tool_state": "stable"}, {"name": "Index Lookup",
        "type": "python", "inputs": {"acs_content_field": {"type": ["string"], "enabled_by":
        "index_type", "enabled_by_value": ["Azure AI Search"], "dynamic_list": {"func_path":
        "promptflow_vectordb.tool.common_index_lookup_utils.list_acs_index_fields",
        "func_kwargs": [{"name": "acs_connection", "optional": false, "reference":
        "${inputs.acs_index_connection}", "type": ["CognitiveSearchConnection"]},
        {"name": "acs_index_name", "optional": false, "reference": "${inputs.acs_index_name}",
        "type": ["string"]}, {"default": "Edm.String", "name": "field_data_type",
        "optional": false, "type": ["string"]}]}, "allow_manual_entry": false, "is_multi_select":
        false, "input_type": "uionly_hidden"}, "acs_embedding_field": {"type": ["string"],
        "enabled_by": "index_type", "enabled_by_value": ["Azure AI Search"], "dynamic_list":
        {"func_path": "promptflow_vectordb.tool.common_index_lookup_utils.list_acs_index_fields",
        "func_kwargs": [{"name": "acs_connection", "optional": false, "reference":
        "${inputs.acs_index_connection}", "type": ["CognitiveSearchConnection"]},
        {"name": "acs_index_name", "optional": false, "reference": "${inputs.acs_index_name}",
        "type": ["string"]}, {"default": "Collection(Edm.Single)", "name": "field_data_type",
        "optional": false, "type": ["string"]}]}, "allow_manual_entry": false, "is_multi_select":
        false, "input_type": "uionly_hidden"}, "acs_index_connection": {"type": ["CognitiveSearchConnection"],
        "enabled_by": "index_type", "enabled_by_value": ["Azure AI Search"], "allow_manual_entry":
        false, "is_multi_select": false, "input_type": "uionly_hidden"}, "acs_index_name":
        {"type": ["string"], "enabled_by": "index_type", "enabled_by_value": ["Azure
        AI Search"], "dynamic_list": {"func_path": "promptflow_vectordb.tool.common_index_lookup_utils.list_acs_indices",
        "func_kwargs": [{"name": "acs_connection", "optional": false, "reference":
        "${inputs.acs_index_connection}", "type": ["CognitiveSearchConnection"]}]},
        "allow_manual_entry": false, "is_multi_select": false, "input_type": "uionly_hidden"},
        "acs_metadata_field": {"type": ["string"], "enabled_by": "index_type", "enabled_by_value":
        ["Azure AI Search"], "dynamic_list": {"func_path": "promptflow_vectordb.tool.common_index_lookup_utils.list_acs_index_fields",
        "func_kwargs": [{"name": "acs_connection", "optional": false, "reference":
        "${inputs.acs_index_connection}", "type": ["CognitiveSearchConnection"]},
        {"name": "acs_index_name", "optional": false, "reference": "${inputs.acs_index_name}",
        "type": ["string"]}, {"default": "Edm.String", "name": "field_data_type",
        "optional": false, "type": ["string"]}]}, "allow_manual_entry": false, "is_multi_select":
        false, "input_type": "uionly_hidden"}, "aoai_embedding_connection": {"type":
        ["AzureOpenAIConnection"], "enabled_by": "embedding_type", "enabled_by_value":
        ["Azure OpenAI"], "allow_manual_entry": false, "is_multi_select": false, "input_type":
        "uionly_hidden"}, "embedding_deployment": {"type": ["string"], "enabled_by":
        "embedding_type", "enabled_by_value": ["Azure OpenAI"], "dynamic_list": {"func_path":
        "promptflow_vectordb.tool.common_index_lookup_utils.list_aoai_embedding_deployments",
        "func_kwargs": [{"name": "aoai_connection", "optional": false, "reference":
        "${inputs.aoai_embedding_connection}", "type": ["AzurOpenAIConnection"]}]},
        "allow_manual_entry": false, "is_multi_select": false, "input_type": "uionly_hidden"},
        "embedding_model": {"type": ["string"], "enabled_by": "embedding_type", "enabled_by_value":
        ["OpenAI", "Hugging Face"], "dynamic_list": {"func_path": "promptflow_vectordb.tool.common_index_lookup_utils.list_embedding_models",
        "func_kwargs": [{"name": "embedding_type", "optional": false, "reference":
        "${inputs.embedding_type}", "type": ["string"]}]}, "allow_manual_entry": false,
        "is_multi_select": false, "input_type": "uionly_hidden"}, "embedding_type":
        {"type": ["string"], "enabled_by": "index_type", "enabled_by_value": ["Azure
        AI Search", "Azure CosmosDB for MongoDB vCore", "FAISS", "Pinecone"], "dynamic_list":
        {"func_path": "promptflow_vectordb.tool.common_index_lookup_utils.list_available_embedding_types",
        "func_kwargs": [{"name": "index_type", "optional": false, "reference": "${inputs.index_type}",
        "type": ["string"]}]}, "allow_manual_entry": false, "is_multi_select": false,
        "input_type": "uionly_hidden"}, "faiss_index_path": {"type": ["string"], "enabled_by":
        "index_type", "enabled_by_value": ["FAISS"], "allow_manual_entry": false,
        "is_multi_select": false, "input_type": "uionly_hidden"}, "index_type": {"type":
        ["string"], "dynamic_list": {"func_path": "promptflow_vectordb.tool.common_index_lookup_utils.list_available_index_types"},
        "allow_manual_entry": false, "is_multi_select": false, "input_type": "uionly_hidden"},
        "mlindex_asset_id": {"type": ["string"], "enabled_by": "index_type", "enabled_by_value":
        ["Registered Index"], "dynamic_list": {"func_path": "promptflow_vectordb.tool.common_index_lookup_utils.list_registered_mlindices"},
        "allow_manual_entry": false, "is_multi_select": false, "input_type": "uionly_hidden"},
        "mlindex_content": {"type": ["string"], "allow_manual_entry": false, "is_multi_select":
        false, "generated_by": {"func_path": "promptflow_vectordb.tool.common_index_lookup_utils.forward_mapping",
        "func_kwargs": [{"name": "index_type", "reference": "${inputs.index_type}",
        "type": ["string"]}, {"name": "mlindex_asset_id", "optional": true, "reference":
        "${inputs.mlindex_asset_id}", "type": ["string"]}, {"name": "mlindex_path",
        "optional": true, "reference": "${inputs.mlindex_path}", "type": ["string"]},
        {"name": "acs_index_connection", "optional": true, "reference": "${inputs.acs_index_connection}",
        "type": ["CognitiveSearchConnection"]}, {"name": "acs_index_name", "optional":
        true, "reference": "${inputs.acs_index_name}", "type": ["string"]}, {"name":
        "acs_content_field", "optional": true, "reference": "${inputs.acs_content_field}",
        "type": ["string"]}, {"name": "acs_embedding_field", "optional": true, "reference":
        "${inputs.acs_embedding_field}", "type": ["string"]}, {"name": "acs_metadata_field",
        "optional": true, "reference": "${inputs.acs_metadata_field}", "type": ["string"]},
        {"name": "semantic_configuration", "optional": true, "reference": "${inputs.semantic_configuration}",
        "type": ["string"]}, {"name": "faiss_index_path", "optional": true, "reference":
        "${inputs.faiss_index_path}", "type": ["string"]}, {"name": "pinecone_index_connection",
        "optional": true, "reference": "${inputs.pinecone_index_connection}", "type":
        ["string"]}, {"name": "pinecone_index_name", "optional": true, "reference":
        "${inputs.pinecone_index_name}", "type": ["string"]}, {"name": "pinecone_content_field",
        "optional": true, "reference": "${inputs.pinecone_content_field}", "type":
        ["string"]}, {"name": "pinecone_metadata_field", "optional": true, "reference":
        "${inputs.pinecone_metadata_field}", "type": ["string"]}, {"name": "mongodb_connection",
        "optional": true, "reference": "${inputs.mongodb_connection}", "type": ["string"]},
        {"name": "mongodb_database", "optional": true, "reference": "${inputs.mongodb_database}",
        "type": ["string"]}, {"name": "mongodb_collection", "optional": true, "reference":
        "${inputs.mongodb_collection}", "type": ["string"]}, {"name": "mongodb_index_name",
        "optional": true, "reference": "${inputs.mongodb_index_name}", "type": ["string"]},
        {"name": "mongodb_content_field", "optional": true, "reference": "${inputs.mongodb_content_field}",
        "type": ["string"]}, {"name": "mongodb_embedding_field", "optional": true,
        "reference": "${inputs.mongodb_embedding_field}", "type": ["string"]}, {"name":
        "embedding_type", "optional": true, "reference": "${inputs.embedding_type}",
        "type": ["string"]}, {"name": "aoai_embedding_connection", "optional": true,
        "reference": "${inputs.aoai_embedding_connection}", "type": ["AzureOpenAIConnection"]},
        {"name": "oai_embedding_connection", "optional": true, "reference": "${inputs.oai_embedding_connection}",
        "type": ["string"]}, {"name": "embedding_model", "optional": true, "reference":
        "${inputs.embedding_model}", "type": ["string"]}, {"name": "embedding_deployment",
        "optional": true, "reference": "${inputs.embedding_deployment}", "type": ["string"]},
        {"name": "serverless_embedding_connection", "optional": true, "reference":
        "${inputs.serverless_embedding_connection}", "type": ["string"]}], "reverse_func_path":
        "promptflow_vectordb.tool.common_index_lookup_utils.reverse_mapping"}, "input_type":
        "default"}, "mlindex_path": {"type": ["string"], "enabled_by": "index_type",
        "enabled_by_value": ["MLIndex file from path"], "allow_manual_entry": false,
        "is_multi_select": false, "input_type": "uionly_hidden"}, "mongodb_collection":
        {"type": ["string"], "enabled_by": "index_type", "enabled_by_value": ["Azure
        CosmosDB for MongoDB vCore"], "dynamic_list": {"func_path": "promptflow_vectordb.tool.common_index_lookup_utils.list_mongodb_collections",
        "func_kwargs": [{"name": "mongodb_connection", "optional": false, "reference":
        "${inputs.mongodb_connection}", "type": ["string"]}, {"name": "mongodb_database",
        "optional": false, "reference": "${inputs.mongodb_database}", "type": ["string"]}]},
        "allow_manual_entry": false, "is_multi_select": false, "input_type": "uionly_hidden"},
        "mongodb_connection": {"type": ["string"], "enabled_by": "index_type", "enabled_by_value":
        ["Azure CosmosDB for MongoDB vCore"], "dynamic_list": {"func_path": "promptflow_vectordb.tool.common_index_lookup_utils.list_mongodb_connections"},
        "allow_manual_entry": false, "is_multi_select": false, "input_type": "uionly_hidden"},
        "mongodb_content_field": {"type": ["string"], "enabled_by": "index_type",
        "enabled_by_value": ["Azure CosmosDB for MongoDB vCore"], "dynamic_list":
        {"func_path": "promptflow_vectordb.tool.common_index_lookup_utils.list_mongodb_index_fields",
        "func_kwargs": [{"name": "mongodb_connection", "optional": false, "reference":
        "${inputs.mongodb_connection}", "type": ["string"]}, {"name": "mongodb_database",
        "optional": false, "reference": "${inputs.mongodb_database}", "type": ["string"]},
        {"name": "mongodb_collection", "optional": false, "reference": "${inputs.mongodb_collection}",
        "type": ["string"]}, {"default": "string", "name": "field_data_type", "optional":
        false, "type": ["string"]}]}, "allow_manual_entry": false, "is_multi_select":
        false, "input_type": "uionly_hidden"}, "mongodb_database": {"type": ["string"],
        "enabled_by": "index_type", "enabled_by_value": ["Azure CosmosDB for MongoDB
        vCore"], "dynamic_list": {"func_path": "promptflow_vectordb.tool.common_index_lookup_utils.list_mongodb_databases",
        "func_kwargs": [{"name": "mongodb_connection", "optional": false, "reference":
        "${inputs.mongodb_connection}", "type": ["string"]}]}, "allow_manual_entry":
        false, "is_multi_select": false, "input_type": "uionly_hidden"}, "mongodb_embedding_field":
        {"type": ["string"], "enabled_by": "index_type", "enabled_by_value": ["Azure
        CosmosDB for MongoDB vCore"], "dynamic_list": {"func_path": "promptflow_vectordb.tool.common_index_lookup_utils.list_mongodb_index_fields",
        "func_kwargs": [{"name": "mongodb_connection", "optional": false, "reference":
        "${inputs.mongodb_connection}", "type": ["string"]}, {"name": "mongodb_database",
        "optional": false, "reference": "${inputs.mongodb_database}", "type": ["string"]},
        {"name": "mongodb_collection", "optional": false, "reference": "${inputs.mongodb_collection}",
        "type": ["string"]}, {"default": "ARRAY(float)", "name": "field_data_type",
        "optional": false, "type": ["string"]}]}, "allow_manual_entry": false, "is_multi_select":
        false, "input_type": "uionly_hidden"}, "mongodb_index_name": {"type": ["string"],
        "enabled_by": "index_type", "enabled_by_value": ["Azure CosmosDB for MongoDB
        vCore"], "dynamic_list": {"func_path": "promptflow_vectordb.tool.common_index_lookup_utils.list_mongodb_indexes",
        "func_kwargs": [{"name": "mongodb_connection", "optional": false, "reference":
        "${inputs.mongodb_connection}", "type": ["string"]}, {"name": "mongodb_database",
        "optional": false, "reference": "${inputs.mongodb_database}", "type": ["string"]},
        {"name": "mongodb_collection", "optional": false, "reference": "${inputs.mongodb_collection}",
        "type": ["string"]}]}, "allow_manual_entry": false, "is_multi_select": false,
        "input_type": "uionly_hidden"}, "oai_embedding_connection": {"type": ["OpenAIConnection"],
        "enabled_by": "embedding_type", "enabled_by_value": ["OpenAI"], "allow_manual_entry":
        false, "is_multi_select": false, "input_type": "uionly_hidden"}, "pinecone_content_field":
        {"type": ["string"], "enabled_by": "index_type", "enabled_by_value": ["Pinecone"],
        "allow_manual_entry": false, "is_multi_select": false, "input_type": "uionly_hidden"},
        "pinecone_index_connection": {"type": ["PineconeConnection"], "enabled_by":
        "index_type", "enabled_by_value": ["Pinecone"], "dynamic_list": {"func_path":
        "promptflow_vectordb.tool.common_index_lookup_utils.list_pinecone_connections"},
        "allow_manual_entry": false, "is_multi_select": false, "input_type": "uionly_hidden"},
        "pinecone_index_name": {"type": ["string"], "enabled_by": "index_type", "enabled_by_value":
        ["Pinecone"], "dynamic_list": {"func_path": "promptflow_vectordb.tool.common_index_lookup_utils.list_pinecone_indices",
        "func_kwargs": [{"name": "pinecone_connection_name", "optional": false, "reference":
        "${inputs.pinecone_index_connection}", "type": ["string"]}]}, "allow_manual_entry":
        false, "is_multi_select": false, "input_type": "uionly_hidden"}, "pinecone_metadata_field":
        {"type": ["string"], "enabled_by": "index_type", "enabled_by_value": ["Pinecone"],
        "allow_manual_entry": false, "is_multi_select": false, "input_type": "uionly_hidden"},
        "queries": {"type": ["object"], "allow_manual_entry": false, "is_multi_select":
        false, "input_type": "default"}, "query_type": {"type": ["string"], "dynamic_list":
        {"func_path": "promptflow_vectordb.tool.common_index_lookup_utils.list_available_query_types",
        "func_kwargs": [{"name": "mlindex_content", "optional": false, "reference":
        "${inputs.mlindex_content}", "type": ["string"]}]}, "allow_manual_entry":
        false, "is_multi_select": false, "input_type": "default"}, "semantic_configuration":
        {"type": ["string"], "enabled_by": "index_type", "enabled_by_value": ["Azure
        AI Search"], "dynamic_list": {"func_path": "promptflow_vectordb.tool.common_index_lookup_utils.list_acs_index_semantic_configurations",
        "func_kwargs": [{"name": "acs_connection", "optional": false, "reference":
        "${inputs.acs_index_connection}", "type": ["CognitiveSearchConnection"]},
        {"name": "acs_index_name", "optional": false, "reference": "${inputs.acs_index_name}",
        "type": ["string"]}]}, "allow_manual_entry": false, "is_multi_select": false,
        "input_type": "uionly_hidden"}, "serverless_embedding_connection": {"type":
        ["string"], "enabled_by": "embedding_type", "enabled_by_value": ["Serverless
        Endpoint"], "dynamic_list": {"func_path": "promptflow_vectordb.tool.common_index_lookup_utils.list_serverless_embedding_connections"},
        "allow_manual_entry": false, "is_multi_select": false, "input_type": "uionly_hidden"},
        "top_k": {"type": ["int"], "default": 3, "allow_manual_entry": false, "is_multi_select":
        false, "input_type": "default"}}, "description": "Search an AzureML Vector
        Index for relevant results using one or more text queries.", "module": "promptflow_vectordb.tool.common_index_lookup",
        "function": "search", "is_builtin": true, "package": "promptflow_vectordb",
        "package_version": "0.2.9", "enable_kwargs": false, "tool_state": "preview"},
        {"name": "Faiss Index Lookup", "type": "python", "inputs": {"path": {"type":
        ["string"], "allow_manual_entry": false, "is_multi_select": false, "input_type":
        "default"}, "top_k": {"type": ["int"], "default": "3", "allow_manual_entry":
        false, "is_multi_select": false, "input_type": "default"}, "vector": {"type":
        ["list"], "allow_manual_entry": false, "is_multi_select": false, "input_type":
        "default"}}, "description": "Search vector based query from the FAISS index
        file.", "module": "promptflow_vectordb.tool.faiss_index_lookup", "class_name":
        "FaissIndexLookup", "function": "search", "is_builtin": true, "package": "promptflow_vectordb",
        "package_version": "0.2.9", "enable_kwargs": false, "tool_state": "archived"},
        {"name": "Vector DB Lookup", "type": "python", "inputs": {"class_name": {"type":
        ["string"], "enabled_by": "connection", "enabled_by_type": ["WeaviateConnection"],
        "allow_manual_entry": false, "is_multi_select": false, "input_type": "default"},
        "collection_name": {"type": ["string"], "enabled_by": "connection", "enabled_by_type":
        ["QdrantConnection"], "allow_manual_entry": false, "is_multi_select": false,
        "input_type": "default"}, "connection": {"type": ["CognitiveSearchConnection",
        "QdrantConnection", "WeaviateConnection"], "allow_manual_entry": false, "is_multi_select":
        false, "input_type": "default"}, "index_name": {"type": ["string"], "enabled_by":
        "connection", "enabled_by_type": ["CognitiveSearchConnection"], "allow_manual_entry":
        false, "is_multi_select": false, "input_type": "default"}, "search_filters":
        {"type": ["object"], "enabled_by": "connection", "enabled_by_type": ["CognitiveSearchConnection",
        "QdrantConnection"], "allow_manual_entry": false, "is_multi_select": false,
        "input_type": "default"}, "search_params": {"type": ["object"], "enabled_by":
        "connection", "enabled_by_type": ["CognitiveSearchConnection", "QdrantConnection"],
        "allow_manual_entry": false, "is_multi_select": false, "input_type": "default"},
        "text_field": {"type": ["string"], "enabled_by": "connection", "enabled_by_type":
        ["CognitiveSearchConnection", "QdrantConnection", "WeaviateConnection"], "allow_manual_entry":
        false, "is_multi_select": false, "input_type": "default"}, "top_k": {"type":
        ["int"], "default": "3", "allow_manual_entry": false, "is_multi_select": false,
        "input_type": "default"}, "vector": {"type": ["list"], "allow_manual_entry":
        false, "is_multi_select": false, "input_type": "default"}, "vector_field":
        {"type": ["string"], "enabled_by": "connection", "enabled_by_type": ["CognitiveSearchConnection"],
        "allow_manual_entry": false, "is_multi_select": false, "input_type": "default"}},
        "description": "Search vector based query from existing Vector Database.",
        "module": "promptflow_vectordb.tool.vector_db_lookup", "class_name": "VectorDBLookup",
        "function": "search", "is_builtin": true, "package": "promptflow_vectordb",
        "package_version": "0.2.9", "enable_kwargs": false, "tool_state": "archived"},
        {"name": "Vector Index Lookup", "type": "python", "inputs": {"path": {"type":
        ["string"], "allow_manual_entry": false, "is_multi_select": false, "input_type":
        "default"}, "query": {"type": ["object"], "allow_manual_entry": false, "is_multi_select":
        false, "input_type": "default"}, "top_k": {"type": ["int"], "default": "3",
        "allow_manual_entry": false, "is_multi_select": false, "input_type": "default"}},
        "description": "Search text or vector based query from AzureML Vector Index.",
        "module": "promptflow_vectordb.tool.vector_index_lookup", "class_name": "VectorIndexLookup",
        "function": "search", "is_builtin": true, "package": "promptflow_vectordb",
        "package_version": "0.2.9", "enable_kwargs": false, "tool_state": "archived"},
        {"name": "classify_with_llm.jinja2", "type": "prompt", "inputs": {"examples":
        {"type": ["string"], "allow_manual_entry": false, "is_multi_select": false,
        "input_type": "default"}, "text_content": {"type": ["string"], "allow_manual_entry":
        false, "is_multi_select": false, "input_type": "default"}, "url": {"type":
        ["string"], "allow_manual_entry": false, "is_multi_select": false, "input_type":
        "default"}}, "source": "classify_with_llm.jinja2", "is_builtin": false, "enable_kwargs":
        false, "tool_state": "stable"}, {"name": "convert_to_dict.py", "type": "python",
        "inputs": {"input_str": {"type": ["string"], "allow_manual_entry": false,
        "is_multi_select": false, "input_type": "default"}}, "source": "convert_to_dict.py",
        "function": "convert_to_dict", "is_builtin": false, "enable_kwargs": false,
        "tool_state": "stable"}, {"name": "fetch_text_content_from_url.py", "type":
        "python", "inputs": {"fetch_url": {"type": ["string"], "allow_manual_entry":
        false, "is_multi_select": false, "input_type": "default"}}, "source": "fetch_text_content_from_url.py",
        "function": "fetch_text_content_from_url", "is_builtin": false, "enable_kwargs":
        false, "tool_state": "stable"}, {"name": "prepare_examples.py", "type": "python",
        "source": "prepare_examples.py", "function": "prepare_examples", "is_builtin":
        false, "enable_kwargs": false, "tool_state": "stable"}, {"name": "summarize_text_content.jinja2",
        "type": "prompt", "inputs": {"text": {"type": ["string"], "allow_manual_entry":
        false, "is_multi_select": false, "input_type": "default"}}, "source": "summarize_text_content.jinja2",
        "is_builtin": false, "enable_kwargs": false, "tool_state": "stable"}, {"name":
        "summarize_text_content__variant_1.jinja2", "type": "prompt", "inputs": {"text":
        {"type": ["string"], "allow_manual_entry": false, "is_multi_select": false,
        "input_type": "default"}}, "source": "summarize_text_content__variant_1.jinja2",
        "is_builtin": false, "enable_kwargs": false, "tool_state": "stable"}], "inputs":
        {"url": {"type": "string", "default": "https://www.microsoft.com/en-us/d/xbox-wireless-controller-stellar-shift-special-edition/94fbjc7h0h6h",
        "is_chat_input": false}}, "outputs": {"category": {"type": "string", "reference":
        "${convert_to_dict.output.category}", "evaluation_only": false, "is_chat_output":
        false}, "evidence": {"type": "string", "reference": "${convert_to_dict.output.evidence}",
        "evaluation_only": false, "is_chat_output": false}}}, "flowRunResourceId":
        "azureml://locations/eastus/workspaces/00000/flows/name/flowRuns/name", "flowRunId":
        "name", "flowRunDisplayName": "name", "batchDataInput": {"dataUri": "azureml://datastores/workspaceblobstore/paths/LocalUpload/710002843bc088af1e61f18537317143/webClassification3.jsonl"},
        "flowRunType": "FlowRun", "flowType": "Default", "runtimeName": "zhengfei-test",
        "inputsMapping": {}, "outputDatastoreName": "workspaceblobstore", "childRunBasePath":
        "promptflow/PromptFlowArtifacts/name/flow_artifacts", "flowDagFileRelativePath":
        "flow.dag.yaml", "flowSnapshotId": "2cf34070-ffe7-4b82-8b2f-434569e1fbdc",
        "sessionId": "4eb97efc4ed363296f8dddfbdfa135d9fd517c5886f8bcf5", "studioPortalEndpoint":
        "https://ml.azure.com/runs/name?wsid=/subscriptions/00000000-0000-0000-0000-000000000000/resourcegroups/00000/providers/Microsoft.MachineLearningServices/workspaces/00000",
        "studioPortalTraceEndpoint": "https://ml.azure.com/prompts/trace/run/name?wsid=/subscriptions/00000000-0000-0000-0000-000000000000/resourcegroups/00000/providers/Microsoft.MachineLearningServices/workspaces/promptflow-eastus"}'
    headers:
      connection:
      - keep-alive
      content-length:
      - '45718'
      content-type:
      - application/json; charset=utf-8
      strict-transport-security:
      - max-age=31536000; includeSubDomains; preload
      transfer-encoding:
      - chunked
      vary:
      - Accept-Encoding
      x-content-type-options:
      - nosniff
      x-request-time:
      - '0.339'
    status:
      code: 200
      message: OK
- request:
    body: '[{"ver": 1, "name": "Microsoft.ApplicationInsights.Event", "time": "2024-05-13T08:15:06.344202Z",
      "sampleRate": 100.0, "iKey": "8b52b368-4c91-4226-b7f7-be52822f0509", "tags":
      {"ai.device.locale": "en_US", "ai.device.osVersion": "#1 SMP Thu Jan 11 04:09:03
      UTC 2024", "ai.device.type": "Other", "ai.internal.sdkVersion": "ulm_py3.11.9:otel1.24.0:ext1.0.0b25",
      "ai.cloud.role": "***.py", "ai.internal.nodeName": "zhengfei-dev-box", "ai.operation.id":
      "00000000000000000000000000000000", "ai.operation.parentId": "0000000000000000"},
      "data": {"baseType": "EventData", "baseData": {"ver": 2, "name": "pfazure.run.create.complete",
      "properties": {"level": "INFO", "from_ci": "False", "request_id": "d425e996-e2fc-41ac-b87e-bcea1147ae95",
      "first_call": "True", "activity_name": "pfazure.run.create", "activity_type":
      "PublicApi", "user_agent": "promptflow-azure-sdk/1.11.0.dev0 promptflow-azure-cli/1.11.0.dev0",
      "subscription_id": "96aede12-2f73-41cb-b983-6d11a904839b", "resource_group_name":
      "promptflow", "workspace_name": "promptflow-eastus", "completion_status": "Success",
      "duration_ms": "28741.09", "python_version": "3.11.9", "installation_id": "cb1d4dab-f83e-57e2-949c-aa6dbc40afa1"}}}}]'
    headers:
      Accept:
      - application/json
      Accept-Encoding:
      - gzip, deflate
      Connection:
      - keep-alive
      Content-Length:
      - '1191'
      Content-Type:
      - application/json
      User-Agent:
      - azsdk-python-azuremonitorclient/unknown Python/3.11.9 (Linux-5.15.146.1-microsoft-standard-WSL2-x86_64-with-glibc2.39)
    method: POST
    uri: https://eastus-8.in.applicationinsights.azure.com/v2.1/track
  response:
    body:
      string: '{"itemsReceived": 1, "itemsAccepted": 1, "appId": null, "errors": []}'
    headers:
      content-type:
      - application/json; charset=utf-8
      server:
      - Microsoft-HTTPAPI/2.0
      strict-transport-security:
      - max-age=31536000
      transfer-encoding:
      - chunked
      x-content-type-options:
      - nosniff
    status:
      code: 200
      message: OK
- request:
    body: null
    headers:
      Accept:
      - application/json
      Accept-Encoding:
      - gzip, deflate
      Connection:
      - keep-alive
      User-Agent:
      - promptflow-azure-sdk/1.11.0.dev0 azsdk-python-azuremachinelearningdesignerserviceclient/unknown
        Python/3.11.9 (Linux-5.15.146.1-microsoft-standard-WSL2-x86_64-with-glibc2.39)
    method: GET
    uri: https://eastus.api.azureml.ms/flow/api/subscriptions/00000000-0000-0000-0000-000000000000/resourceGroups/00000/providers/Microsoft.MachineLearningServices/workspaces/00000/BulkRuns/name
  response:
    body:
      string: '{"flowGraph": {"nodes": [{"name": "fetch_text_content_from_url", "type":
        "python", "source": {"type": "code", "path": "fetch_text_content_from_url.py"},
        "inputs": {"fetch_url": "${inputs.url}"}, "tool": "fetch_text_content_from_url.py",
        "reduce": false}, {"name": "prepare_examples", "type": "python", "source":
        {"type": "code", "path": "prepare_examples.py"}, "inputs": {}, "tool": "prepare_examples.py",
        "reduce": false}, {"name": "classify_with_llm", "type": "llm", "source": {"type":
        "code", "path": "classify_with_llm.jinja2"}, "inputs": {"deployment_name":
        "gpt-35-turbo", "suffix": "", "max_tokens": "128", "temperature": "0.1", "top_p":
        "1.0", "logprobs": "", "echo": "False", "stop": "", "presence_penalty": "0",
        "frequency_penalty": "0", "best_of": "1", "logit_bias": "", "url": "${inputs.url}",
        "examples": "${prepare_examples.output}", "text_content": "${summarize_text_content.output}"},
        "tool": "classify_with_llm.jinja2", "reduce": false, "api": "chat", "provider":
        "AzureOpenAI", "connection": "azure_open_ai_connection", "module": "promptflow.tools.aoai"},
        {"name": "convert_to_dict", "type": "python", "source": {"type": "code", "path":
        "convert_to_dict.py"}, "inputs": {"input_str": "${classify_with_llm.output}"},
        "tool": "convert_to_dict.py", "reduce": false}, {"name": "summarize_text_content",
        "type": "llm", "source": {"type": "code", "path": "summarize_text_content__variant_1.jinja2"},
        "inputs": {"deployment_name": "gpt-35-turbo", "suffix": "", "max_tokens":
        "256", "temperature": "0.3", "top_p": "1.0", "logprobs": "", "echo": "False",
        "stop": "", "presence_penalty": "0", "frequency_penalty": "0", "best_of":
        "1", "logit_bias": "", "text": "${fetch_text_content_from_url.output}"}, "tool":
        "summarize_text_content__variant_1.jinja2", "reduce": false, "api": "chat",
        "connection": "azure_open_ai_connection"}], "tools": [{"name": "Azure OpenAI
        GPT-4 Turbo with Vision", "type": "custom_llm", "inputs": {"connection": {"type":
        ["AzureOpenAIConnection"], "allow_manual_entry": false, "is_multi_select":
        false, "input_type": "default", "ui_hints": {"index": 0}}, "deployment_name":
        {"type": ["string"], "enabled_by": "connection", "dynamic_list": {"func_path":
        "promptflow.tools.aoai_gpt4v.list_deployment_names", "func_kwargs": [{"name":
        "connection", "reference": "${inputs.connection}", "type": ["AzureOpenAIConnection"]}]},
        "allow_manual_entry": true, "is_multi_select": false, "input_type": "default",
        "ui_hints": {"index": 1}}, "detail": {"type": ["string"], "default": "auto",
        "enum": ["low", "high", "auto"], "allow_manual_entry": false, "is_multi_select":
        false, "input_type": "default", "ui_hints": {"index": 9}}, "frequency_penalty":
        {"type": ["double"], "default": 0, "allow_manual_entry": false, "is_multi_select":
        false, "input_type": "default", "ui_hints": {"index": 7}}, "max_tokens": {"type":
        ["int"], "default": 512, "allow_manual_entry": false, "is_multi_select": false,
        "input_type": "default", "ui_hints": {"index": 4}}, "presence_penalty": {"type":
        ["double"], "default": 0, "allow_manual_entry": false, "is_multi_select":
        false, "input_type": "default", "ui_hints": {"index": 6}}, "seed": {"type":
        ["int"], "default": "", "allow_manual_entry": false, "is_multi_select": false,
        "input_type": "default", "ui_hints": {"index": 8}}, "stop": {"type": ["list"],
        "default": "", "allow_manual_entry": false, "is_multi_select": false, "input_type":
        "default", "ui_hints": {"index": 5}}, "temperature": {"type": ["double"],
        "default": 1, "allow_manual_entry": false, "is_multi_select": false, "input_type":
        "default", "ui_hints": {"index": 2}}, "top_p": {"type": ["double"], "default":
        1, "allow_manual_entry": false, "is_multi_select": false, "input_type": "default",
        "ui_hints": {"index": 3}}}, "description": "Use Azure OpenAI GPT-4 Turbo with
        Vision to leverage AOAI vision ability.", "module": "promptflow.tools.aoai_gpt4v",
        "class_name": "AzureOpenAI", "function": "chat", "icon": {"dark": "data:image/png;base64,iVBORw0KGgoAAAANSUhEUgAAABAAAAAQCAYAAAAf8/9hAAAA2ElEQVR4nJXSzW3CQBAF4DUSTjk+Al1AD0ikESslpBIEheRALhEpgAYSWV8OGUublf/yLuP3PPNmdndS+gdwXZrYDmh7fGE/W+wXbaYd8IYm4rxJPnZ0boI3wZcdJxs/n+AwV7DFK7aFyfQdYIMLPvES8YJNf5yp4jMeeEYdWh38gXOR35YGHe5xabvQdsHv6PLi8qV6gycc8YH3iMfQu6Lh4ASr+F5Hh3XwVWnQYzUkVlX1nccplAb1SN6Y/sfgmlK64VS8wimldIv/0yj2QLkHizG0iWP4AVAfQ34DVQONAAAAAElFTkSuQmCC",
        "light": "data:image/png;base64,iVBORw0KGgoAAAANSUhEUgAAABAAAAAQCAYAAAAf8/9hAAAAx0lEQVR4nJWSwQ2CQBBFX0jAcjgqXUgPJNiIsQQrIVCIFy8GC6ABDcGDX7Mus9n1Xz7zZ+fPsLPwH4bUg0dD2wMPcbR48Uxq4AKU4iSTDwZ1LhWXipN/B3V0J6hjBTvgLHZNonewBXrgDpzEvXSIjN0BE3AACmmF4kl5F6tNzcCoLpW0SvGovFvsb4oZ2AANcAOu4ka6axCcINN3rg654sww+CYsPD0OwjcozFNh/Qcd78tqVbCIW+n+Fky472Bh/Q6SYb1EEy8tDzd+9IsVPAAAAABJRU5ErkJggg=="},
        "is_builtin": true, "package": "promptflow-tools", "package_version": "1.5.0rc8",
        "default_prompt": "# system:\nAs an AI assistant, your task involves interpreting
        images and responding to questions about the image.\nRemember to provide accurate
        answers based on the information present in the image.\n\n# user:\nCan you
        tell me what the image depicts?\n![image]({{image_input}})\n", "enable_kwargs":
        false, "tool_state": "preview"}, {"name": "Content Safety (Text Analyze)",
        "type": "python", "inputs": {"connection": {"type": ["AzureContentSafetyConnection"],
        "allow_manual_entry": false, "is_multi_select": false, "input_type": "default"},
        "hate_category": {"type": ["string"], "default": "medium_sensitivity", "enum":
        ["disable", "low_sensitivity", "medium_sensitivity", "high_sensitivity"],
        "allow_manual_entry": false, "is_multi_select": false, "input_type": "default"},
        "self_harm_category": {"type": ["string"], "default": "medium_sensitivity",
        "enum": ["disable", "low_sensitivity", "medium_sensitivity", "high_sensitivity"],
        "allow_manual_entry": false, "is_multi_select": false, "input_type": "default"},
        "sexual_category": {"type": ["string"], "default": "medium_sensitivity", "enum":
        ["disable", "low_sensitivity", "medium_sensitivity", "high_sensitivity"],
        "allow_manual_entry": false, "is_multi_select": false, "input_type": "default"},
        "text": {"type": ["string"], "allow_manual_entry": false, "is_multi_select":
        false, "input_type": "default"}, "violence_category": {"type": ["string"],
        "default": "medium_sensitivity", "enum": ["disable", "low_sensitivity", "medium_sensitivity",
        "high_sensitivity"], "allow_manual_entry": false, "is_multi_select": false,
        "input_type": "default"}}, "description": "Use Azure Content Safety to detect
        harmful content.", "module": "promptflow.tools.azure_content_safety", "function":
        "analyze_text", "is_builtin": true, "package": "promptflow-tools", "package_version":
        "1.5.0rc8", "enable_kwargs": false, "deprecated_tools": ["content_safety_text.tools.content_safety_text_tool.analyze_text"],
        "tool_state": "stable"}, {"name": "Embedding", "type": "python", "inputs":
        {"connection": {"type": ["AzureOpenAIConnection", "OpenAIConnection", "ServerlessConnection"],
        "allow_manual_entry": false, "is_multi_select": false, "input_type": "default"},
        "deployment_name": {"type": ["string"], "enabled_by": "connection", "enabled_by_type":
        ["AzureOpenAIConnection"], "model_list": ["text-embedding-ada-002", "text-search-ada-doc-001",
        "text-search-ada-query-001"], "capabilities": {"completion": false, "chat_completion":
        false, "embeddings": true}, "allow_manual_entry": false, "is_multi_select":
        false, "input_type": "default"}, "input": {"type": ["string"], "allow_manual_entry":
        false, "is_multi_select": false, "input_type": "default"}, "model": {"type":
        ["string"], "enum": ["text-embedding-ada-002", "text-search-ada-doc-001",
        "text-search-ada-query-001"], "enabled_by": "connection", "enabled_by_type":
        ["OpenAIConnection"], "allow_manual_entry": true, "is_multi_select": false,
        "input_type": "default"}}, "description": "Use OpenAI''s embedding model
        to create an embedding vector representing the input text.", "module": "promptflow.tools.embedding",
        "function": "embedding", "is_builtin": true, "package": "promptflow-tools",
        "package_version": "1.5.0rc8", "enable_kwargs": false, "tool_state": "stable"},
        {"name": "LLM", "type": "custom_llm", "inputs": {"api": {"type": ["string"],
        "default": "chat", "allow_manual_entry": true, "is_multi_select": false, "input_type":
        "default", "ui_hints": {"index": 1, "text_box_size": "sm"}, "filter_by": {"input_name":
        "connection", "values": {"AzureOpenAIConnection": {"enum": ["chat", "completion"]},
        "OpenAIConnection": {"enum": ["chat", "completion"]}, "ServerlessConnection":
        {"enum": ["chat"]}}, "filter_attribute": "type"}}, "best_of": {"type": ["int"],
        "default": 1, "enabled_by": "api", "enabled_by_value": ["completion"], "allow_manual_entry":
        false, "is_multi_select": false, "input_type": "default", "advanced": true,
        "ui_hints": {"index": 16, "text_box_size": "xs"}}, "connection": {"type":
        ["AzureOpenAIConnection", "OpenAIConnection", "ServerlessConnection"], "allow_manual_entry":
        false, "is_multi_select": false, "input_type": "default", "ui_hints": {"index":
        0}}, "deployment_name": {"type": ["string"], "enabled_by": "connection", "enabled_by_type":
        ["AzureOpenAIConnection"], "allow_manual_entry": true, "is_multi_select":
        false, "input_type": "default", "ui_hints": {"index": 2, "text_box_size":
        "lg"}, "filter_by": {"input_name": "api", "values": {"chat": {"capabilities":
        {"chat_completion": true, "exclude": {"model_version": ["vision-preview"]}}},
        "completion": {"capabilities": {"completion": true, "include": {"model_name":
        ["gpt-35-turbo-instruct"]}}}}}}, "echo": {"type": ["bool"], "default": false,
        "enabled_by": "api", "enabled_by_value": ["completion"], "allow_manual_entry":
        false, "is_multi_select": false, "input_type": "default", "advanced": true,
        "ui_hints": {"index": 15, "text_box_size": "xs"}}, "frequency_penalty": {"type":
        ["int"], "default": 0, "allow_manual_entry": false, "is_multi_select": false,
        "input_type": "default", "advanced": true, "ui_hints": {"index": 10, "text_box_size":
        "xs"}}, "logit_bias": {"type": ["object"], "default": "", "allow_manual_entry":
        false, "is_multi_select": false, "input_type": "default", "advanced": true,
        "ui_hints": {"index": 11, "text_box_size": "lg"}}, "logprobs": {"type": ["int"],
        "default": "", "enabled_by": "api", "enabled_by_value": ["completion"], "allow_manual_entry":
        false, "is_multi_select": false, "input_type": "default", "advanced": true,
        "ui_hints": {"index": 14, "text_box_size": "xs"}}, "max_tokens": {"type":
        ["int"], "default": "", "allow_manual_entry": false, "is_multi_select": false,
        "input_type": "default", "ui_hints": {"index": 7, "text_box_size": "xs"}},
        "model": {"type": ["string"], "enabled_by": "connection", "enabled_by_type":
        ["OpenAIConnection"], "allow_manual_entry": true, "is_multi_select": false,
        "input_type": "default", "ui_hints": {"index": 3, "text_box_size": "lg"},
        "filter_by": {"input_name": "api", "values": {"chat": {"enum": ["gpt-3.5-turbo",
        "gpt-3.5-turbo-0301", "gpt-3.5-turbo-16k", "gpt-3.5-turbo-1106", "gpt-4",
        "gpt-4-1106-preview", "gpt-4-0314", "gpt-4-32k", "gpt-4-32k-0314"]}, "completion":
        {"enum": ["gpt-3.5-turbo-instruct"]}}}}, "presence_penalty": {"type": ["double"],
        "default": 0, "allow_manual_entry": false, "is_multi_select": false, "input_type":
        "default", "advanced": true, "ui_hints": {"index": 8}}, "response_format":
        {"type": ["object"], "default": "", "enum": [{"type": "json_object"}, {"type":
        "text"}], "enabled_by": "api", "enabled_by_value": ["chat"], "allow_manual_entry":
        true, "is_multi_select": false, "input_type": "default", "advanced": false,
        "ui_hints": {"index": 9, "text_box_size": "lg"}}, "seed": {"type": ["int"],
        "default": "", "enabled_by": "api", "enabled_by_value": ["chat"], "allow_manual_entry":
        false, "is_multi_select": false, "input_type": "default", "advanced": true,
        "ui_hints": {"index": 12, "text_box_size": "xs"}}, "stop": {"type": ["list"],
        "default": "", "allow_manual_entry": false, "is_multi_select": false, "input_type":
        "default", "ui_hints": {"index": 6, "text_box_size": "md"}}, "suffix": {"type":
        ["string"], "default": "", "enabled_by": "api", "enabled_by_value": ["completion"],
        "allow_manual_entry": false, "is_multi_select": false, "input_type": "default",
        "advanced": true, "ui_hints": {"index": 13, "text_box_size": "xs"}}, "temperature":
        {"type": ["double"], "default": 1, "allow_manual_entry": false, "is_multi_select":
        false, "input_type": "default", "ui_hints": {"index": 4, "text_box_size":
        "xs"}}, "tool_choice": {"type": ["object", "string"], "default": "", "enabled_by":
        "api", "enabled_by_value": ["chat"], "allow_manual_entry": false, "is_multi_select":
        false, "input_type": "default", "ui_hints": {"index": 18}}, "tools": {"type":
        ["list"], "default": [], "enabled_by": "api", "enabled_by_value": ["chat"],
        "allow_manual_entry": false, "is_multi_select": false, "input_type": "default",
        "ui_hints": {"display_style": "reusable_tool", "index": 17}}, "top_p": {"type":
        ["double"], "default": 1, "allow_manual_entry": false, "is_multi_select":
        false, "input_type": "default", "advanced": true, "ui_hints": {"index": 5,
        "text_box_size": "xs"}}}, "description": {"ai_studio": "Use OpenAI-like Large
        Language Model for text completion or chat. For more details, refer to this
        [document](https://aka.ms/aistudio/pf/llm-tool).", "aml": "Use OpenAI-like
        Large Language Model for text completion or chat. For more details, refer
        to this [document](https://aka.ms/promptflow/llm-tool).", "default": "Use
        OpenAI-like Large Language Model for text completion or chat."}, "module":
        "promptflow.tools.llm", "function": "llm", "icon": {"dark": "data:image/png;base64,iVBORw0KGgoAAAANSUhEUgAAABAAAAAQCAYAAAAf8/9hAAAA2ElEQVR4nJXSzW3CQBAF4DUSTjk+Al1AD0ikESslpBIEheRALhEpgAYSWV8OGUublf/yLuP3PPNmdndS+gdwXZrYDmh7fGE/W+wXbaYd8IYm4rxJPnZ0boI3wZcdJxs/n+AwV7DFK7aFyfQdYIMLPvES8YJNf5yp4jMeeEYdWh38gXOR35YGHe5xabvQdsHv6PLi8qV6gycc8YH3iMfQu6Lh4ASr+F5Hh3XwVWnQYzUkVlX1nccplAb1SN6Y/sfgmlK64VS8wimldIv/0yj2QLkHizG0iWP4AVAfQ34DVQONAAAAAElFTkSuQmCC",
        "light": "data:image/png;base64,iVBORw0KGgoAAAANSUhEUgAAABAAAAAQCAYAAAAf8/9hAAAAx0lEQVR4nJWSwQ2CQBBFX0jAcjgqXUgPJNiIsQQrIVCIFy8GC6ABDcGDX7Mus9n1Xz7zZ+fPsLPwH4bUg0dD2wMPcbR48Uxq4AKU4iSTDwZ1LhWXipN/B3V0J6hjBTvgLHZNonewBXrgDpzEvXSIjN0BE3AACmmF4kl5F6tNzcCoLpW0SvGovFvsb4oZ2AANcAOu4ka6axCcINN3rg654sww+CYsPD0OwjcozFNh/Qcd78tqVbCIW+n+Fky472Bh/Q6SYb1EEy8tDzd+9IsVPAAAAABJRU5ErkJggg=="},
        "category": "llm", "is_builtin": true, "package": "promptflow-tools", "package_version":
        "1.5.0rc8", "default_prompt": "# system:\nYou are a helpful assistant.\n\n#
        user:\n{{question}}\n", "enable_kwargs": false, "tool_state": "stable", "groups":
        [{"name": "Tools", "description": "Configure interactive capabilities by selecting
        tools for the model to use and guiding its tool call decisions.", "inputs":
        ["tools", "tool_choice"], "ui_hints": {"display_style": "table"}}]}, {"name":
        "LLM-Vision", "type": "custom_llm", "inputs": {"connection": {"type": ["AzureOpenAIConnection",
        "OpenAIConnection"], "allow_manual_entry": false, "is_multi_select": false,
        "input_type": "default", "ui_hints": {"index": 0}}, "deployment_name": {"type":
        ["string"], "enabled_by": "connection", "enabled_by_type": ["AzureOpenAIConnection"],
        "capabilities": {"chat_completion": true, "include": {"model_version": ["vision-preview"]}},
        "allow_manual_entry": true, "is_multi_select": false, "input_type": "default",
        "ui_hints": {"index": 1, "text_box_size": "lg"}}, "detail": {"type": ["string"],
        "default": "auto", "enum": ["low", "high", "auto"], "allow_manual_entry":
        false, "is_multi_select": false, "input_type": "default", "ui_hints": {"index":
        10}}, "frequency_penalty": {"type": ["int"], "default": 0, "allow_manual_entry":
        false, "is_multi_select": false, "input_type": "default", "ui_hints": {"index":
        8, "text_box_size": "xs"}}, "max_tokens": {"type": ["int"], "default": "",
        "allow_manual_entry": false, "is_multi_select": false, "input_type": "default",
        "ui_hints": {"index": 6, "text_box_size": "xs"}}, "model": {"type": ["string"],
        "enum": ["gpt-4-vision-preview"], "enabled_by": "connection", "enabled_by_type":
        ["OpenAIConnection"], "allow_manual_entry": true, "is_multi_select": false,
        "input_type": "default", "ui_hints": {"index": 2, "text_box_size": "lg"}},
        "presence_penalty": {"type": ["double"], "default": 0, "allow_manual_entry":
        false, "is_multi_select": false, "input_type": "default", "ui_hints": {"index":
        7}}, "seed": {"type": ["int"], "default": "", "allow_manual_entry": false,
        "is_multi_select": false, "input_type": "default", "ui_hints": {"index": 9,
        "text_box_size": "xs"}}, "stop": {"type": ["list"], "default": "", "allow_manual_entry":
        false, "is_multi_select": false, "input_type": "default", "ui_hints": {"index":
        5, "text_box_size": "md"}}, "temperature": {"type": ["double"], "default":
        1, "allow_manual_entry": false, "is_multi_select": false, "input_type": "default",
        "ui_hints": {"index": 3, "text_box_size": "xs"}}, "top_p": {"type": ["double"],
        "default": 1, "allow_manual_entry": false, "is_multi_select": false, "input_type":
        "default", "ui_hints": {"index": 4, "text_box_size": "xs"}}}, "description":
        {"ai_studio": "Use OpenAI-like Large Language Model to leverage vision ability.
        For more details, refer to this [document](https://aka.ms/aistudio/pf/llm-vision-tool).",
        "aml": "Use OpenAI-like Large Language Model to leverage vision ability. For
        more details, refer to this [document](https://aka.ms/promptflow/llm-vision-tool).",
        "default": "Use OpenAI-like Large Language Model to leverage vision ability."},
        "module": "promptflow.tools.llm_vision", "function": "llm_vision", "icon":
        {"dark": "data:image/png;base64,iVBORw0KGgoAAAANSUhEUgAAABAAAAAQCAYAAAAf8/9hAAAA2ElEQVR4nJXSzW3CQBAF4DUSTjk+Al1AD0ikESslpBIEheRALhEpgAYSWV8OGUublf/yLuP3PPNmdndS+gdwXZrYDmh7fGE/W+wXbaYd8IYm4rxJPnZ0boI3wZcdJxs/n+AwV7DFK7aFyfQdYIMLPvES8YJNf5yp4jMeeEYdWh38gXOR35YGHe5xabvQdsHv6PLi8qV6gycc8YH3iMfQu6Lh4ASr+F5Hh3XwVWnQYzUkVlX1nccplAb1SN6Y/sfgmlK64VS8wimldIv/0yj2QLkHizG0iWP4AVAfQ34DVQONAAAAAElFTkSuQmCC",
        "light": "data:image/png;base64,iVBORw0KGgoAAAANSUhEUgAAABAAAAAQCAYAAAAf8/9hAAAAx0lEQVR4nJWSwQ2CQBBFX0jAcjgqXUgPJNiIsQQrIVCIFy8GC6ABDcGDX7Mus9n1Xz7zZ+fPsLPwH4bUg0dD2wMPcbR48Uxq4AKU4iSTDwZ1LhWXipN/B3V0J6hjBTvgLHZNonewBXrgDpzEvXSIjN0BE3AACmmF4kl5F6tNzcCoLpW0SvGovFvsb4oZ2AANcAOu4ka6axCcINN3rg654sww+CYsPD0OwjcozFNh/Qcd78tqVbCIW+n+Fky472Bh/Q6SYb1EEy8tDzd+9IsVPAAAAABJRU5ErkJggg=="},
        "category": "llm", "is_builtin": true, "package": "promptflow-tools", "package_version":
        "1.5.0rc8", "default_prompt": "# system:\nAs an AI assistant, your task involves
        interpreting images and responding to questions about the image.\nRemember
        to provide accurate answers based on the information present in the image.\n\n#
        user:\nCan you tell me what the image depicts?\n![image]({{image_input}})\n",
        "enable_kwargs": false, "tool_state": "preview"}, {"name": "Open Model LLM",
        "type": "custom_llm", "inputs": {"api": {"type": ["string"], "enum": ["chat",
        "completion"], "allow_manual_entry": false, "is_multi_select": false, "input_type":
        "default", "ui_hints": {"index": 2}}, "deployment_name": {"type": ["string"],
        "default": "", "dynamic_list": {"func_path": "promptflow.tools.open_model_llm.list_deployment_names",
        "func_kwargs": [{"name": "endpoint", "optional": true, "reference": "${inputs.endpoint}",
        "type": ["string"]}]}, "allow_manual_entry": true, "is_multi_select": false,
        "input_type": "default", "ui_hints": {"index": 1}}, "endpoint_name": {"type":
        ["string"], "dynamic_list": {"func_path": "promptflow.tools.open_model_llm.list_endpoint_names"},
        "allow_manual_entry": true, "is_multi_select": false, "input_type": "default",
        "ui_hints": {"index": 0}}, "max_new_tokens": {"type": ["int"], "default":
        500, "allow_manual_entry": false, "is_multi_select": false, "input_type":
        "default", "ui_hints": {"index": 4}}, "model_kwargs": {"type": ["object"],
        "default": "{}", "allow_manual_entry": false, "is_multi_select": false, "input_type":
        "default", "advanced": true, "ui_hints": {"index": 6}}, "temperature": {"type":
        ["double"], "default": 1.0, "allow_manual_entry": false, "is_multi_select":
        false, "input_type": "default", "ui_hints": {"index": 3}}, "top_p": {"type":
        ["double"], "default": 1.0, "allow_manual_entry": false, "is_multi_select":
        false, "input_type": "default", "advanced": true, "ui_hints": {"index": 5}}},
        "description": "Use an open model from the Azure Model catalog, deployed to
        an AzureML Online Endpoint for LLM Chat or Completion API calls.", "module":
        "promptflow.tools.open_model_llm", "class_name": "OpenModelLLM", "function":
        "call", "icon": "data:image/png;base64,iVBORw0KGgoAAAANSUhEUgAAABAAAAAQCAYAAAAf8/9hAAACgElEQVR4nGWSz2vcVRTFP/e9NzOZ1KDGohASslLEH6VLV0ak4l/QpeDCrfQPcNGliODKnVm4EBdBsIjQIlhciKW0ycKFVCSNbYnjdDLtmPnmO/nO9917XcxMkjYX3uLx7nnn3HOuMK2Nix4fP78ZdrYXVkLVWjf3l3B1B+HpcjzGFtmqa6cePz7/x0dnn1n5qhj3iBJPYREIURAJuCtpY8PjReDbrf9WG7H1fuefwQU9qKztTcMJT+PNnEFvjGVDBDlSsH6p/9MLzy6+NxwVqI8RAg4IPmWedMckdLYP6O6UpIaQfvyyXG012+e79/ZfHukoS1ISMT2hGTB1RkUmNgQ5QZ0w+a2VWDq73MbdEWmfnnv6UWe7oNzPaLapl5CwuLTXK9WUGBuCjqekzhP+z52ZXOrKMD3OJg0Hh778aiOuvpnYvp05d6GJO4iAO4QAe/eV36/X5LFRV4Zmn+AdkqlL8Vjp3oVioOz+WTPzzYEgsN+fgPLYyJVheSbPPVl2ikeGZRjtG52/8rHuaV9VOlpP2OtKyVndcRVCSqOhsvxa4vW359i6OuKdD+aP8Q4SYPdOzS/flGjt1JUSaMqZ5nwa1Y8qWb/Ud/eZZkHisYezEM0m+fcelDr8F1SqW2LNK6r1jXQwyLzy1hxvrLXZulry7ocL+FS6G4QIu3fG/Px1gdYeW7LIgXU2P/115TOA5G7e3Rmj2aS/m7l5pThiZzrCcE/d1XHzbln373nw7y6veeoUm5KCNKT/IPPwbiY1hYd/l5MIT65BMFt87sU4v9D7/JMflr44uV6hGh1+L4RCkg6z5iK2tAhNLeLsNGwYA4fDYnC/drvuuFxe86NV/x+Ut27g0FvykgAAAABJRU5ErkJggg==",
        "is_builtin": true, "package": "promptflow-tools", "package_version": "1.5.0rc8",
        "enable_kwargs": false, "tool_state": "stable"}, {"name": "OpenAI GPT-4V",
        "type": "custom_llm", "inputs": {"connection": {"type": ["OpenAIConnection"],
        "allow_manual_entry": false, "is_multi_select": false, "input_type": "default",
        "ui_hints": {"index": 0}}, "detail": {"type": ["string"], "default": "auto",
        "enum": ["low", "high", "auto"], "allow_manual_entry": false, "is_multi_select":
        false, "input_type": "default", "ui_hints": {"index": 9}}, "frequency_penalty":
        {"type": ["double"], "default": 0, "allow_manual_entry": false, "is_multi_select":
        false, "input_type": "default", "ui_hints": {"index": 7}}, "max_tokens": {"type":
        ["int"], "default": 512, "allow_manual_entry": false, "is_multi_select": false,
        "input_type": "default", "ui_hints": {"index": 4}}, "model": {"type": ["string"],
        "enum": ["gpt-4-vision-preview"], "allow_manual_entry": true, "is_multi_select":
        false, "input_type": "default", "ui_hints": {"index": 1}}, "presence_penalty":
        {"type": ["double"], "default": 0, "allow_manual_entry": false, "is_multi_select":
        false, "input_type": "default", "ui_hints": {"index": 6}}, "seed": {"type":
        ["int"], "default": "", "allow_manual_entry": false, "is_multi_select": false,
        "input_type": "default", "ui_hints": {"index": 8}}, "stop": {"type": ["list"],
        "default": "", "allow_manual_entry": false, "is_multi_select": false, "input_type":
        "default", "ui_hints": {"index": 5}}, "temperature": {"type": ["double"],
        "default": 1, "allow_manual_entry": false, "is_multi_select": false, "input_type":
        "default", "ui_hints": {"index": 2}}, "top_p": {"type": ["double"], "default":
        1, "allow_manual_entry": false, "is_multi_select": false, "input_type": "default",
        "ui_hints": {"index": 3}}}, "description": "Use OpenAI GPT-4V to leverage
        vision ability.", "module": "promptflow.tools.openai_gpt4v", "class_name":
        "OpenAI", "function": "chat", "icon": {"dark": "data:image/png;base64,iVBORw0KGgoAAAANSUhEUgAAABAAAAAQCAYAAAAf8/9hAAAA2ElEQVR4nJXSzW3CQBAF4DUSTjk+Al1AD0ikESslpBIEheRALhEpgAYSWV8OGUublf/yLuP3PPNmdndS+gdwXZrYDmh7fGE/W+wXbaYd8IYm4rxJPnZ0boI3wZcdJxs/n+AwV7DFK7aFyfQdYIMLPvES8YJNf5yp4jMeeEYdWh38gXOR35YGHe5xabvQdsHv6PLi8qV6gycc8YH3iMfQu6Lh4ASr+F5Hh3XwVWnQYzUkVlX1nccplAb1SN6Y/sfgmlK64VS8wimldIv/0yj2QLkHizG0iWP4AVAfQ34DVQONAAAAAElFTkSuQmCC",
        "light": "data:image/png;base64,iVBORw0KGgoAAAANSUhEUgAAABAAAAAQCAYAAAAf8/9hAAAAx0lEQVR4nJWSwQ2CQBBFX0jAcjgqXUgPJNiIsQQrIVCIFy8GC6ABDcGDX7Mus9n1Xz7zZ+fPsLPwH4bUg0dD2wMPcbR48Uxq4AKU4iSTDwZ1LhWXipN/B3V0J6hjBTvgLHZNonewBXrgDpzEvXSIjN0BE3AACmmF4kl5F6tNzcCoLpW0SvGovFvsb4oZ2AANcAOu4ka6axCcINN3rg654sww+CYsPD0OwjcozFNh/Qcd78tqVbCIW+n+Fky472Bh/Q6SYb1EEy8tDzd+9IsVPAAAAABJRU5ErkJggg=="},
        "is_builtin": true, "package": "promptflow-tools", "package_version": "1.5.0rc8",
        "default_prompt": "# system:\nAs an AI assistant, your task involves interpreting
        images and responding to questions about the image.\nRemember to provide accurate
        answers based on the information present in the image.\n\n# user:\nCan you
        tell me what the image depicts?\n![image]({{image_input}})\n", "enable_kwargs":
        false, "tool_state": "preview"}, {"name": "Serp API", "type": "python", "inputs":
        {"connection": {"type": ["SerpConnection"], "allow_manual_entry": false, "is_multi_select":
        false, "input_type": "default"}, "engine": {"type": ["string"], "default":
        "google", "enum": ["google", "bing"], "allow_manual_entry": false, "is_multi_select":
        false, "input_type": "default"}, "location": {"type": ["string"], "default":
        "", "allow_manual_entry": false, "is_multi_select": false, "input_type": "default"},
        "num": {"type": ["int"], "default": "10", "allow_manual_entry": false, "is_multi_select":
        false, "input_type": "default"}, "query": {"type": ["string"], "allow_manual_entry":
        false, "is_multi_select": false, "input_type": "default"}, "safe": {"type":
        ["string"], "default": "off", "enum": ["active", "off"], "allow_manual_entry":
        false, "is_multi_select": false, "input_type": "default"}}, "description":
        "Use Serp API to obtain search results from a specific search engine.", "module":
        "promptflow.tools.serpapi", "class_name": "SerpAPI", "function": "search",
        "is_builtin": true, "package": "promptflow-tools", "package_version": "1.5.0rc8",
        "enable_kwargs": false, "tool_state": "stable"}, {"name": "Index Lookup",
        "type": "python", "inputs": {"acs_content_field": {"type": ["string"], "enabled_by":
        "index_type", "enabled_by_value": ["Azure AI Search"], "dynamic_list": {"func_path":
        "promptflow_vectordb.tool.common_index_lookup_utils.list_acs_index_fields",
        "func_kwargs": [{"name": "acs_connection", "optional": false, "reference":
        "${inputs.acs_index_connection}", "type": ["CognitiveSearchConnection"]},
        {"name": "acs_index_name", "optional": false, "reference": "${inputs.acs_index_name}",
        "type": ["string"]}, {"default": "Edm.String", "name": "field_data_type",
        "optional": false, "type": ["string"]}]}, "allow_manual_entry": false, "is_multi_select":
        false, "input_type": "uionly_hidden"}, "acs_embedding_field": {"type": ["string"],
        "enabled_by": "index_type", "enabled_by_value": ["Azure AI Search"], "dynamic_list":
        {"func_path": "promptflow_vectordb.tool.common_index_lookup_utils.list_acs_index_fields",
        "func_kwargs": [{"name": "acs_connection", "optional": false, "reference":
        "${inputs.acs_index_connection}", "type": ["CognitiveSearchConnection"]},
        {"name": "acs_index_name", "optional": false, "reference": "${inputs.acs_index_name}",
        "type": ["string"]}, {"default": "Collection(Edm.Single)", "name": "field_data_type",
        "optional": false, "type": ["string"]}]}, "allow_manual_entry": false, "is_multi_select":
        false, "input_type": "uionly_hidden"}, "acs_index_connection": {"type": ["CognitiveSearchConnection"],
        "enabled_by": "index_type", "enabled_by_value": ["Azure AI Search"], "allow_manual_entry":
        false, "is_multi_select": false, "input_type": "uionly_hidden"}, "acs_index_name":
        {"type": ["string"], "enabled_by": "index_type", "enabled_by_value": ["Azure
        AI Search"], "dynamic_list": {"func_path": "promptflow_vectordb.tool.common_index_lookup_utils.list_acs_indices",
        "func_kwargs": [{"name": "acs_connection", "optional": false, "reference":
        "${inputs.acs_index_connection}", "type": ["CognitiveSearchConnection"]}]},
        "allow_manual_entry": false, "is_multi_select": false, "input_type": "uionly_hidden"},
        "acs_metadata_field": {"type": ["string"], "enabled_by": "index_type", "enabled_by_value":
        ["Azure AI Search"], "dynamic_list": {"func_path": "promptflow_vectordb.tool.common_index_lookup_utils.list_acs_index_fields",
        "func_kwargs": [{"name": "acs_connection", "optional": false, "reference":
        "${inputs.acs_index_connection}", "type": ["CognitiveSearchConnection"]},
        {"name": "acs_index_name", "optional": false, "reference": "${inputs.acs_index_name}",
        "type": ["string"]}, {"default": "Edm.String", "name": "field_data_type",
        "optional": false, "type": ["string"]}]}, "allow_manual_entry": false, "is_multi_select":
        false, "input_type": "uionly_hidden"}, "aoai_embedding_connection": {"type":
        ["AzureOpenAIConnection"], "enabled_by": "embedding_type", "enabled_by_value":
        ["Azure OpenAI"], "allow_manual_entry": false, "is_multi_select": false, "input_type":
        "uionly_hidden"}, "embedding_deployment": {"type": ["string"], "enabled_by":
        "embedding_type", "enabled_by_value": ["Azure OpenAI"], "dynamic_list": {"func_path":
        "promptflow_vectordb.tool.common_index_lookup_utils.list_aoai_embedding_deployments",
        "func_kwargs": [{"name": "aoai_connection", "optional": false, "reference":
        "${inputs.aoai_embedding_connection}", "type": ["AzurOpenAIConnection"]}]},
        "allow_manual_entry": false, "is_multi_select": false, "input_type": "uionly_hidden"},
        "embedding_model": {"type": ["string"], "enabled_by": "embedding_type", "enabled_by_value":
        ["OpenAI", "Hugging Face"], "dynamic_list": {"func_path": "promptflow_vectordb.tool.common_index_lookup_utils.list_embedding_models",
        "func_kwargs": [{"name": "embedding_type", "optional": false, "reference":
        "${inputs.embedding_type}", "type": ["string"]}]}, "allow_manual_entry": false,
        "is_multi_select": false, "input_type": "uionly_hidden"}, "embedding_type":
        {"type": ["string"], "enabled_by": "index_type", "enabled_by_value": ["Azure
        AI Search", "Azure CosmosDB for MongoDB vCore", "FAISS", "Pinecone"], "dynamic_list":
        {"func_path": "promptflow_vectordb.tool.common_index_lookup_utils.list_available_embedding_types",
        "func_kwargs": [{"name": "index_type", "optional": false, "reference": "${inputs.index_type}",
        "type": ["string"]}]}, "allow_manual_entry": false, "is_multi_select": false,
        "input_type": "uionly_hidden"}, "faiss_index_path": {"type": ["string"], "enabled_by":
        "index_type", "enabled_by_value": ["FAISS"], "allow_manual_entry": false,
        "is_multi_select": false, "input_type": "uionly_hidden"}, "index_type": {"type":
        ["string"], "dynamic_list": {"func_path": "promptflow_vectordb.tool.common_index_lookup_utils.list_available_index_types"},
        "allow_manual_entry": false, "is_multi_select": false, "input_type": "uionly_hidden"},
        "mlindex_asset_id": {"type": ["string"], "enabled_by": "index_type", "enabled_by_value":
        ["Registered Index"], "dynamic_list": {"func_path": "promptflow_vectordb.tool.common_index_lookup_utils.list_registered_mlindices"},
        "allow_manual_entry": false, "is_multi_select": false, "input_type": "uionly_hidden"},
        "mlindex_content": {"type": ["string"], "allow_manual_entry": false, "is_multi_select":
        false, "generated_by": {"func_path": "promptflow_vectordb.tool.common_index_lookup_utils.forward_mapping",
        "func_kwargs": [{"name": "index_type", "reference": "${inputs.index_type}",
        "type": ["string"]}, {"name": "mlindex_asset_id", "optional": true, "reference":
        "${inputs.mlindex_asset_id}", "type": ["string"]}, {"name": "mlindex_path",
        "optional": true, "reference": "${inputs.mlindex_path}", "type": ["string"]},
        {"name": "acs_index_connection", "optional": true, "reference": "${inputs.acs_index_connection}",
        "type": ["CognitiveSearchConnection"]}, {"name": "acs_index_name", "optional":
        true, "reference": "${inputs.acs_index_name}", "type": ["string"]}, {"name":
        "acs_content_field", "optional": true, "reference": "${inputs.acs_content_field}",
        "type": ["string"]}, {"name": "acs_embedding_field", "optional": true, "reference":
        "${inputs.acs_embedding_field}", "type": ["string"]}, {"name": "acs_metadata_field",
        "optional": true, "reference": "${inputs.acs_metadata_field}", "type": ["string"]},
        {"name": "semantic_configuration", "optional": true, "reference": "${inputs.semantic_configuration}",
        "type": ["string"]}, {"name": "faiss_index_path", "optional": true, "reference":
        "${inputs.faiss_index_path}", "type": ["string"]}, {"name": "pinecone_index_connection",
        "optional": true, "reference": "${inputs.pinecone_index_connection}", "type":
        ["string"]}, {"name": "pinecone_index_name", "optional": true, "reference":
        "${inputs.pinecone_index_name}", "type": ["string"]}, {"name": "pinecone_content_field",
        "optional": true, "reference": "${inputs.pinecone_content_field}", "type":
        ["string"]}, {"name": "pinecone_metadata_field", "optional": true, "reference":
        "${inputs.pinecone_metadata_field}", "type": ["string"]}, {"name": "mongodb_connection",
        "optional": true, "reference": "${inputs.mongodb_connection}", "type": ["string"]},
        {"name": "mongodb_database", "optional": true, "reference": "${inputs.mongodb_database}",
        "type": ["string"]}, {"name": "mongodb_collection", "optional": true, "reference":
        "${inputs.mongodb_collection}", "type": ["string"]}, {"name": "mongodb_index_name",
        "optional": true, "reference": "${inputs.mongodb_index_name}", "type": ["string"]},
        {"name": "mongodb_content_field", "optional": true, "reference": "${inputs.mongodb_content_field}",
        "type": ["string"]}, {"name": "mongodb_embedding_field", "optional": true,
        "reference": "${inputs.mongodb_embedding_field}", "type": ["string"]}, {"name":
        "embedding_type", "optional": true, "reference": "${inputs.embedding_type}",
        "type": ["string"]}, {"name": "aoai_embedding_connection", "optional": true,
        "reference": "${inputs.aoai_embedding_connection}", "type": ["AzureOpenAIConnection"]},
        {"name": "oai_embedding_connection", "optional": true, "reference": "${inputs.oai_embedding_connection}",
        "type": ["string"]}, {"name": "embedding_model", "optional": true, "reference":
        "${inputs.embedding_model}", "type": ["string"]}, {"name": "embedding_deployment",
        "optional": true, "reference": "${inputs.embedding_deployment}", "type": ["string"]},
        {"name": "serverless_embedding_connection", "optional": true, "reference":
        "${inputs.serverless_embedding_connection}", "type": ["string"]}], "reverse_func_path":
        "promptflow_vectordb.tool.common_index_lookup_utils.reverse_mapping"}, "input_type":
        "default"}, "mlindex_path": {"type": ["string"], "enabled_by": "index_type",
        "enabled_by_value": ["MLIndex file from path"], "allow_manual_entry": false,
        "is_multi_select": false, "input_type": "uionly_hidden"}, "mongodb_collection":
        {"type": ["string"], "enabled_by": "index_type", "enabled_by_value": ["Azure
        CosmosDB for MongoDB vCore"], "dynamic_list": {"func_path": "promptflow_vectordb.tool.common_index_lookup_utils.list_mongodb_collections",
        "func_kwargs": [{"name": "mongodb_connection", "optional": false, "reference":
        "${inputs.mongodb_connection}", "type": ["string"]}, {"name": "mongodb_database",
        "optional": false, "reference": "${inputs.mongodb_database}", "type": ["string"]}]},
        "allow_manual_entry": false, "is_multi_select": false, "input_type": "uionly_hidden"},
        "mongodb_connection": {"type": ["string"], "enabled_by": "index_type", "enabled_by_value":
        ["Azure CosmosDB for MongoDB vCore"], "dynamic_list": {"func_path": "promptflow_vectordb.tool.common_index_lookup_utils.list_mongodb_connections"},
        "allow_manual_entry": false, "is_multi_select": false, "input_type": "uionly_hidden"},
        "mongodb_content_field": {"type": ["string"], "enabled_by": "index_type",
        "enabled_by_value": ["Azure CosmosDB for MongoDB vCore"], "dynamic_list":
        {"func_path": "promptflow_vectordb.tool.common_index_lookup_utils.list_mongodb_index_fields",
        "func_kwargs": [{"name": "mongodb_connection", "optional": false, "reference":
        "${inputs.mongodb_connection}", "type": ["string"]}, {"name": "mongodb_database",
        "optional": false, "reference": "${inputs.mongodb_database}", "type": ["string"]},
        {"name": "mongodb_collection", "optional": false, "reference": "${inputs.mongodb_collection}",
        "type": ["string"]}, {"default": "string", "name": "field_data_type", "optional":
        false, "type": ["string"]}]}, "allow_manual_entry": false, "is_multi_select":
        false, "input_type": "uionly_hidden"}, "mongodb_database": {"type": ["string"],
        "enabled_by": "index_type", "enabled_by_value": ["Azure CosmosDB for MongoDB
        vCore"], "dynamic_list": {"func_path": "promptflow_vectordb.tool.common_index_lookup_utils.list_mongodb_databases",
        "func_kwargs": [{"name": "mongodb_connection", "optional": false, "reference":
        "${inputs.mongodb_connection}", "type": ["string"]}]}, "allow_manual_entry":
        false, "is_multi_select": false, "input_type": "uionly_hidden"}, "mongodb_embedding_field":
        {"type": ["string"], "enabled_by": "index_type", "enabled_by_value": ["Azure
        CosmosDB for MongoDB vCore"], "dynamic_list": {"func_path": "promptflow_vectordb.tool.common_index_lookup_utils.list_mongodb_index_fields",
        "func_kwargs": [{"name": "mongodb_connection", "optional": false, "reference":
        "${inputs.mongodb_connection}", "type": ["string"]}, {"name": "mongodb_database",
        "optional": false, "reference": "${inputs.mongodb_database}", "type": ["string"]},
        {"name": "mongodb_collection", "optional": false, "reference": "${inputs.mongodb_collection}",
        "type": ["string"]}, {"default": "ARRAY(float)", "name": "field_data_type",
        "optional": false, "type": ["string"]}]}, "allow_manual_entry": false, "is_multi_select":
        false, "input_type": "uionly_hidden"}, "mongodb_index_name": {"type": ["string"],
        "enabled_by": "index_type", "enabled_by_value": ["Azure CosmosDB for MongoDB
        vCore"], "dynamic_list": {"func_path": "promptflow_vectordb.tool.common_index_lookup_utils.list_mongodb_indexes",
        "func_kwargs": [{"name": "mongodb_connection", "optional": false, "reference":
        "${inputs.mongodb_connection}", "type": ["string"]}, {"name": "mongodb_database",
        "optional": false, "reference": "${inputs.mongodb_database}", "type": ["string"]},
        {"name": "mongodb_collection", "optional": false, "reference": "${inputs.mongodb_collection}",
        "type": ["string"]}]}, "allow_manual_entry": false, "is_multi_select": false,
        "input_type": "uionly_hidden"}, "oai_embedding_connection": {"type": ["OpenAIConnection"],
        "enabled_by": "embedding_type", "enabled_by_value": ["OpenAI"], "allow_manual_entry":
        false, "is_multi_select": false, "input_type": "uionly_hidden"}, "pinecone_content_field":
        {"type": ["string"], "enabled_by": "index_type", "enabled_by_value": ["Pinecone"],
        "allow_manual_entry": false, "is_multi_select": false, "input_type": "uionly_hidden"},
        "pinecone_index_connection": {"type": ["PineconeConnection"], "enabled_by":
        "index_type", "enabled_by_value": ["Pinecone"], "dynamic_list": {"func_path":
        "promptflow_vectordb.tool.common_index_lookup_utils.list_pinecone_connections"},
        "allow_manual_entry": false, "is_multi_select": false, "input_type": "uionly_hidden"},
        "pinecone_index_name": {"type": ["string"], "enabled_by": "index_type", "enabled_by_value":
        ["Pinecone"], "dynamic_list": {"func_path": "promptflow_vectordb.tool.common_index_lookup_utils.list_pinecone_indices",
        "func_kwargs": [{"name": "pinecone_connection_name", "optional": false, "reference":
        "${inputs.pinecone_index_connection}", "type": ["string"]}]}, "allow_manual_entry":
        false, "is_multi_select": false, "input_type": "uionly_hidden"}, "pinecone_metadata_field":
        {"type": ["string"], "enabled_by": "index_type", "enabled_by_value": ["Pinecone"],
        "allow_manual_entry": false, "is_multi_select": false, "input_type": "uionly_hidden"},
        "queries": {"type": ["object"], "allow_manual_entry": false, "is_multi_select":
        false, "input_type": "default"}, "query_type": {"type": ["string"], "dynamic_list":
        {"func_path": "promptflow_vectordb.tool.common_index_lookup_utils.list_available_query_types",
        "func_kwargs": [{"name": "mlindex_content", "optional": false, "reference":
        "${inputs.mlindex_content}", "type": ["string"]}]}, "allow_manual_entry":
        false, "is_multi_select": false, "input_type": "default"}, "semantic_configuration":
        {"type": ["string"], "enabled_by": "index_type", "enabled_by_value": ["Azure
        AI Search"], "dynamic_list": {"func_path": "promptflow_vectordb.tool.common_index_lookup_utils.list_acs_index_semantic_configurations",
        "func_kwargs": [{"name": "acs_connection", "optional": false, "reference":
        "${inputs.acs_index_connection}", "type": ["CognitiveSearchConnection"]},
        {"name": "acs_index_name", "optional": false, "reference": "${inputs.acs_index_name}",
        "type": ["string"]}]}, "allow_manual_entry": false, "is_multi_select": false,
        "input_type": "uionly_hidden"}, "serverless_embedding_connection": {"type":
        ["string"], "enabled_by": "embedding_type", "enabled_by_value": ["Serverless
        Endpoint"], "dynamic_list": {"func_path": "promptflow_vectordb.tool.common_index_lookup_utils.list_serverless_embedding_connections"},
        "allow_manual_entry": false, "is_multi_select": false, "input_type": "uionly_hidden"},
        "top_k": {"type": ["int"], "default": 3, "allow_manual_entry": false, "is_multi_select":
        false, "input_type": "default"}}, "description": "Search an AzureML Vector
        Index for relevant results using one or more text queries.", "module": "promptflow_vectordb.tool.common_index_lookup",
        "function": "search", "is_builtin": true, "package": "promptflow_vectordb",
        "package_version": "0.2.9", "enable_kwargs": false, "tool_state": "preview"},
        {"name": "Faiss Index Lookup", "type": "python", "inputs": {"path": {"type":
        ["string"], "allow_manual_entry": false, "is_multi_select": false, "input_type":
        "default"}, "top_k": {"type": ["int"], "default": "3", "allow_manual_entry":
        false, "is_multi_select": false, "input_type": "default"}, "vector": {"type":
        ["list"], "allow_manual_entry": false, "is_multi_select": false, "input_type":
        "default"}}, "description": "Search vector based query from the FAISS index
        file.", "module": "promptflow_vectordb.tool.faiss_index_lookup", "class_name":
        "FaissIndexLookup", "function": "search", "is_builtin": true, "package": "promptflow_vectordb",
        "package_version": "0.2.9", "enable_kwargs": false, "tool_state": "archived"},
        {"name": "Vector DB Lookup", "type": "python", "inputs": {"class_name": {"type":
        ["string"], "enabled_by": "connection", "enabled_by_type": ["WeaviateConnection"],
        "allow_manual_entry": false, "is_multi_select": false, "input_type": "default"},
        "collection_name": {"type": ["string"], "enabled_by": "connection", "enabled_by_type":
        ["QdrantConnection"], "allow_manual_entry": false, "is_multi_select": false,
        "input_type": "default"}, "connection": {"type": ["CognitiveSearchConnection",
        "QdrantConnection", "WeaviateConnection"], "allow_manual_entry": false, "is_multi_select":
        false, "input_type": "default"}, "index_name": {"type": ["string"], "enabled_by":
        "connection", "enabled_by_type": ["CognitiveSearchConnection"], "allow_manual_entry":
        false, "is_multi_select": false, "input_type": "default"}, "search_filters":
        {"type": ["object"], "enabled_by": "connection", "enabled_by_type": ["CognitiveSearchConnection",
        "QdrantConnection"], "allow_manual_entry": false, "is_multi_select": false,
        "input_type": "default"}, "search_params": {"type": ["object"], "enabled_by":
        "connection", "enabled_by_type": ["CognitiveSearchConnection", "QdrantConnection"],
        "allow_manual_entry": false, "is_multi_select": false, "input_type": "default"},
        "text_field": {"type": ["string"], "enabled_by": "connection", "enabled_by_type":
        ["CognitiveSearchConnection", "QdrantConnection", "WeaviateConnection"], "allow_manual_entry":
        false, "is_multi_select": false, "input_type": "default"}, "top_k": {"type":
        ["int"], "default": "3", "allow_manual_entry": false, "is_multi_select": false,
        "input_type": "default"}, "vector": {"type": ["list"], "allow_manual_entry":
        false, "is_multi_select": false, "input_type": "default"}, "vector_field":
        {"type": ["string"], "enabled_by": "connection", "enabled_by_type": ["CognitiveSearchConnection"],
        "allow_manual_entry": false, "is_multi_select": false, "input_type": "default"}},
        "description": "Search vector based query from existing Vector Database.",
        "module": "promptflow_vectordb.tool.vector_db_lookup", "class_name": "VectorDBLookup",
        "function": "search", "is_builtin": true, "package": "promptflow_vectordb",
        "package_version": "0.2.9", "enable_kwargs": false, "tool_state": "archived"},
        {"name": "Vector Index Lookup", "type": "python", "inputs": {"path": {"type":
        ["string"], "allow_manual_entry": false, "is_multi_select": false, "input_type":
        "default"}, "query": {"type": ["object"], "allow_manual_entry": false, "is_multi_select":
        false, "input_type": "default"}, "top_k": {"type": ["int"], "default": "3",
        "allow_manual_entry": false, "is_multi_select": false, "input_type": "default"}},
        "description": "Search text or vector based query from AzureML Vector Index.",
        "module": "promptflow_vectordb.tool.vector_index_lookup", "class_name": "VectorIndexLookup",
        "function": "search", "is_builtin": true, "package": "promptflow_vectordb",
        "package_version": "0.2.9", "enable_kwargs": false, "tool_state": "archived"},
        {"name": "classify_with_llm.jinja2", "type": "prompt", "inputs": {"examples":
        {"type": ["string"], "allow_manual_entry": false, "is_multi_select": false,
        "input_type": "default"}, "text_content": {"type": ["string"], "allow_manual_entry":
        false, "is_multi_select": false, "input_type": "default"}, "url": {"type":
        ["string"], "allow_manual_entry": false, "is_multi_select": false, "input_type":
        "default"}}, "source": "classify_with_llm.jinja2", "is_builtin": false, "enable_kwargs":
        false, "tool_state": "stable"}, {"name": "convert_to_dict.py", "type": "python",
        "inputs": {"input_str": {"type": ["string"], "allow_manual_entry": false,
        "is_multi_select": false, "input_type": "default"}}, "source": "convert_to_dict.py",
        "function": "convert_to_dict", "is_builtin": false, "enable_kwargs": false,
        "tool_state": "stable"}, {"name": "fetch_text_content_from_url.py", "type":
        "python", "inputs": {"fetch_url": {"type": ["string"], "allow_manual_entry":
        false, "is_multi_select": false, "input_type": "default"}}, "source": "fetch_text_content_from_url.py",
        "function": "fetch_text_content_from_url", "is_builtin": false, "enable_kwargs":
        false, "tool_state": "stable"}, {"name": "prepare_examples.py", "type": "python",
        "source": "prepare_examples.py", "function": "prepare_examples", "is_builtin":
        false, "enable_kwargs": false, "tool_state": "stable"}, {"name": "summarize_text_content.jinja2",
        "type": "prompt", "inputs": {"text": {"type": ["string"], "allow_manual_entry":
        false, "is_multi_select": false, "input_type": "default"}}, "source": "summarize_text_content.jinja2",
        "is_builtin": false, "enable_kwargs": false, "tool_state": "stable"}, {"name":
        "summarize_text_content__variant_1.jinja2", "type": "prompt", "inputs": {"text":
        {"type": ["string"], "allow_manual_entry": false, "is_multi_select": false,
        "input_type": "default"}}, "source": "summarize_text_content__variant_1.jinja2",
        "is_builtin": false, "enable_kwargs": false, "tool_state": "stable"}], "inputs":
        {"url": {"type": "string", "default": "https://www.microsoft.com/en-us/d/xbox-wireless-controller-stellar-shift-special-edition/94fbjc7h0h6h",
        "is_chat_input": false}}, "outputs": {"category": {"type": "string", "reference":
        "${convert_to_dict.output.category}", "evaluation_only": false, "is_chat_output":
        false}, "evidence": {"type": "string", "reference": "${convert_to_dict.output.evidence}",
        "evaluation_only": false, "is_chat_output": false}}}, "flowRunResourceId":
        "azureml://locations/eastus/workspaces/00000/flows/name/flowRuns/name", "flowRunId":
        "name", "flowRunDisplayName": "name", "batchDataInput": {"dataUri": "azureml://datastores/workspaceblobstore/paths/LocalUpload/710002843bc088af1e61f18537317143/webClassification3.jsonl"},
        "flowRunType": "FlowRun", "flowType": "Default", "runtimeName": "zhengfei-test",
        "inputsMapping": {}, "outputDatastoreName": "workspaceblobstore", "childRunBasePath":
        "promptflow/PromptFlowArtifacts/name/flow_artifacts", "flowDagFileRelativePath":
        "flow.dag.yaml", "flowSnapshotId": "2cf34070-ffe7-4b82-8b2f-434569e1fbdc",
        "sessionId": "4eb97efc4ed363296f8dddfbdfa135d9fd517c5886f8bcf5", "studioPortalEndpoint":
        "https://ml.azure.com/runs/name?wsid=/subscriptions/00000000-0000-0000-0000-000000000000/resourcegroups/00000/providers/Microsoft.MachineLearningServices/workspaces/00000",
        "studioPortalTraceEndpoint": "https://ml.azure.com/prompts/trace/run/name?wsid=/subscriptions/00000000-0000-0000-0000-000000000000/resourcegroups/00000/providers/Microsoft.MachineLearningServices/workspaces/promptflow-eastus"}'
    headers:
      connection:
      - keep-alive
      content-length:
      - '45718'
      content-type:
      - application/json; charset=utf-8
      strict-transport-security:
      - max-age=31536000; includeSubDomains; preload
      transfer-encoding:
      - chunked
      vary:
      - Accept-Encoding
      x-content-type-options:
      - nosniff
      x-request-time:
      - '0.316'
    status:
      code: 200
      message: OK
- request:
    body: '{"runId": "name", "selectRunMetadata": true, "selectRunDefinition": true,
      "selectJobSpecification": true}'
    headers:
      Accept:
      - '*/*'
      Accept-Encoding:
      - gzip, deflate
      Connection:
      - keep-alive
      Content-Length:
      - '137'
      Content-Type:
      - application/json
      User-Agent:
      - python-requests/2.31.0
    method: POST
    uri: https://eastus.api.azureml.ms/history/v1.0/subscriptions/00000000-0000-0000-0000-000000000000/resourceGroups/00000/providers/Microsoft.MachineLearningServices/workspaces/00000/rundata
  response:
    body:
      string: '{"runMetadata": {"runNumber": 1715588094, "rootRunId": "name", "createdUtc":
        "2024-05-13T08:14:54.9492599+00:00", "createdBy": {"userObjectId": "00000000-0000-0000-0000-000000000000",
        "userPuId": "10032001B4DCFEFF", "userIdp": null, "userAltSecId": null, "userIss":
        "https://sts.windows.net/00000000-0000-0000-0000-000000000000/", "userTenantId":
        "00000000-0000-0000-0000-000000000000", "userName": "Zhengfei Wang", "upn":
        null}, "userId": "00000000-0000-0000-0000-000000000000", "token": null, "tokenExpiryTimeUtc":
        null, "error": null, "warnings": null, "revision": 4, "statusRevision": 1,
        "runUuid": "ed2af307-a79f-4750-9f49-b24ede303848", "parentRunUuid": null,
        "rootRunUuid": "ed2af307-a79f-4750-9f49-b24ede303848", "lastStartTimeUtc":
        null, "currentComputeTime": "00:00:00", "computeDuration": null, "effectiveStartTimeUtc":
        null, "lastModifiedBy": {"userObjectId": "00000000-0000-0000-0000-000000000000",
        "userPuId": "10032001B4DCFEFF", "userIdp": null, "userAltSecId": null, "userIss":
        "https://sts.windows.net/00000000-0000-0000-0000-000000000000/", "userTenantId":
        "00000000-0000-0000-0000-000000000000", "userName": "Zhengfei Wang", "upn":
        null}, "lastModifiedUtc": "2024-05-13T08:15:00.4171404+00:00", "duration":
        null, "cancelationReason": null, "currentAttemptId": 1, "runId": "name", "parentRunId":
        null, "experimentId": "d30efbeb-f81d-4cfa-b5cc-a0570a049009", "status": "Preparing",
        "startTimeUtc": null, "endTimeUtc": null, "scheduleId": null, "displayName":
        "name", "name": null, "dataContainerId": "dcid.name", "description": null,
        "hidden": false, "runType": "azureml.promptflow.FlowRun", "runTypeV2": {"orchestrator":
        null, "traits": [], "attribution": "PromptFlow", "computeType": "AmlcDsi"},
        "properties": {"azureml.promptflow.runtime_name": "zhengfei-test", "azureml.promptflow.disable_trace":
        "false", "azureml.promptflow.input_data": "azureml://datastores/workspaceblobstore/paths/LocalUpload/710002843bc088af1e61f18537317143/webClassification3.jsonl",
        "azureml.promptflow.definition_file_name": "flow.dag.yaml", "azureml.promptflow.flow_lineage_id":
        "af1a6951de9be2ce13d3b58b23dbd8b6a0cd8fd4918ad9cb22b28fb8395fbcb0", "azureml.promptflow.flow_definition_datastore_name":
        "workspaceblobstore", "azureml.promptflow.flow_definition_blob_path": "LocalUpload/7ac7ea8a41e502780fbbb3601f2c5d07/web_classification/flow.dag.yaml",
        "_azureml.evaluation_run": "promptflow.BatchRun", "azureml.promptflow.snapshot_id":
        "2cf34070-ffe7-4b82-8b2f-434569e1fbdc", "azureml.promptflow.runtime_version":
        "20240429.v8"}, "parameters": {}, "actionUris": {}, "scriptName": null, "target":
        null, "uniqueChildRunComputeTargets": [], "tags": {}, "settings": {}, "services":
        {}, "inputDatasets": [], "outputDatasets": [], "runDefinition": null, "jobSpecification":
        null, "primaryMetricName": null, "createdFrom": null, "cancelUri": null, "completeUri":
        null, "diagnosticsUri": null, "computeRequest": null, "compute": null, "retainForLifetimeOfWorkspace":
        false, "queueingInfo": null, "inputs": null, "outputs": null}, "runDefinition":
        null, "jobSpecification": null, "systemSettings": null}'
    headers:
      connection:
      - keep-alive
      content-length:
      - '3681'
      content-type:
      - application/json; charset=utf-8
      strict-transport-security:
      - max-age=31536000; includeSubDomains; preload
      transfer-encoding:
      - chunked
      vary:
      - Accept-Encoding
      x-content-type-options:
      - nosniff
      x-request-time:
      - '0.033'
    status:
      code: 200
      message: OK
version: 1
